<html>
<body>
<pre>
<h1>礦ision Build Log</h1>
<h2>Tool Versions:</h2>
IDE-Version: μVision V5.36.0.0
Copyright (C) 2021 ARM Ltd and ARM Germany GmbH. All rights reserved.
License Information:            ,              , LIC=QF82M-XEYF4-45VT5-G0PGW-RZ7PI-FLW5V
 
Tool Versions:
Toolchain:       MDK-ARM Plus  Version: 5.36.0.0
Toolchain Path:  D:\keil5\ARM\ARMCC\Bin
C Compiler:      Armcc.exe V5.06 update 7 (build 960)
Assembler:       Armasm.exe V5.06 update 7 (build 960)
Linker/Locator:  ArmLink.exe V5.06 update 7 (build 960)
Library Manager: ArmAr.exe V5.06 update 7 (build 960)
Hex Converter:   FromElf.exe V5.06 update 7 (build 960)
CPU DLL:         SARMCM3.DLL V5.36.0.0
Dialog DLL:      DCM.DLL V1.17.3.0
Target DLL:      CMSIS_AGDI.dll V1.33.0.0
Dialog DLL:      TCM.DLL V1.53.0.0
 
<h2>Project:</h2>
C:\Users\bcq\Desktop\GD (2)\GD\GD32F4xx_Firmware_Library_V3.3.2\GD32F4xx_Firmware_Library_V3.3.2\GD32F407VET6\Template\Keil5_project\Project.uvprojx
Project File Date:  02/05/2026

<h2>Output:</h2>
*** Using Compiler 'V5.06 update 7 (build 960)', folder: 'D:\keil5\ARM\ARMCC\Bin'
Rebuild target 'GD32F4XX'
assembling startup_gd32f407_427.s...
compiling system_gd32f4xx.c...
compiling gd32f4xx_crc.c...
compiling gd32f4xx_ctc.c...
compiling gd32f4xx_can.c...
compiling gd32f4xx_adc.c...
compiling gd32f4xx_dci.c...
compiling gd32f4xx_fwdgt.c...
compiling gd32f4xx_exti.c...
compiling gd32f4xx_dbg.c...
compiling gd32f4xx_gpio.c...
compiling gd32f4xx_dac.c...
compiling gd32f4xx_dma.c...
compiling gd32f4xx_fmc.c...
compiling gd32f4xx_exmc.c...
compiling gd32f4xx_enet.c...
compiling gd32f4xx_i2c.c...
compiling gd32f4xx_iref.c...
compiling gd32f4xx_ipa.c...
compiling gd32f4xx_misc.c...
compiling gd32f4xx_pmu.c...
compiling gd32f4xx_rcu.c...
compiling gd32f4xx_rtc.c...
compiling gd32f4xx_sdio.c...
compiling gd32f4xx_syscfg.c...
compiling gd32f4xx_spi.c...
compiling gd32f4xx_trng.c...
compiling gd32f4xx_wwdgt.c...
compiling gd32f4xx_tli.c...
compiling gd32f4xx_usart.c...
compiling gd32f4xx_timer.c...
compiling gd32f4xx_it.c...
compiling systick.c...
compiling main.c...
..\..\BSP\bsp_debug_usart.h(9): warning:  #1-D: last line of file ends without a newline
  #endif
..\main.c(80): warning:  #177-D: variable "testCmd"  was declared but never referenced
      Coordinate_t testCmd;
..\main.c: 2 warnings, 0 errors
compiling bsp_can.c...
..\..\BSP\bsp_debug_usart.h(9): warning:  #1-D: last line of file ends without a newline
  #endif
..\..\BSP\bsp_can.c: 1 warning, 0 errors
compiling bsp_debug_usart.c...
..\..\BSP\bsp_debug_usart.h(9): warning:  #1-D: last line of file ends without a newline
  #endif
..\..\BSP\bsp_debug_usart.c(39): warning:  #1-D: last line of file ends without a newline
  }
..\..\BSP\bsp_debug_usart.c: 2 warnings, 0 errors
compiling bsp_dm542.c...
..\..\BSP\bsp_dm542.c(7): warning:  #188-D: enumerated type mixed with another type
  struct ScrewMotorStatus horSM = { 0.0f, finished }; // 顺序要跟结构体定义一致
..\..\BSP\bsp_dm542.c(8): warning:  #188-D: enumerated type mixed with another type
  struct ScrewMotorStatus verSM = { 0.0f, finished };
..\..\BSP\bsp_dm542.c(54): warning:  #188-D: enumerated type mixed with another type
      nvic_irq_enable((uint8_t)slave_irq, 5, 0); 
..\..\BSP\bsp_dm542.c: 3 warnings, 0 errors
compiling motor_task.c...
..\..\BSP\bsp_debug_usart.h(9): warning:  #1-D: last line of file ends without a newline
  #endif
..\..\APP\motor_task.c: 1 warning, 0 errors
compiling croutine.c...
compiling list.c...
compiling event_groups.c...
compiling stream_buffer.c...
compiling queue.c...
compiling timers.c...
compiling heap_4.c...
compiling port.c...
compiling tasks.c...
linking...
Program Size: Code=18680 RO-data=424 RW-data=144 ZI-data=32592  
FromELF: creating hex file...
".\output\Project.axf" - 0 Error(s), 9 Warning(s).

<h2>Software Packages used:</h2>

Package Vendor: ARM
                http://www.keil.com/pack/ARM.CMSIS.5.8.0.pack
                ARM.CMSIS.5.8.0
                CMSIS (Common Microcontroller Software Interface Standard)
   * Component: CORE Version: 5.5.0

Package Vendor: GigaDevice
                https://gd32mcu.com/data/documents/pack/GigaDevice.GD32F4xx_DFP.3.0.3.pack
                GigaDevice.GD32F4xx_DFP.3.0.3
                GigaDevice GD32F4xx Series Device Support and Examples

<h2>Collection of Component include folders:</h2>
  .\RTE\_GD32F4XX
  D:\keil5\packs\ARM\CMSIS\5.8.0\CMSIS\Core\Include
  D:\keil5\packs\GigaDevice\GD32F4xx_DFP\3.0.3\Device\F4XX\Include

<h2>Collection of Component Files used:</h2>

   * Component: ARM::CMSIS:CORE:5.5.0
Build Time Elapsed:  00:00:03
</pre>
</body>
</html>
