Component: ARM Compiler 6.7 Tool: armlink [5c9ef700]

==============================================================================

Section Cross References

    startup_stm32f407xx.o(STACK) refers (Special) to heapauxi.o(.text) for __use_two_region_memory
    startup_stm32f407xx.o(HEAP) refers (Special) to heapauxi.o(.text) for __use_two_region_memory
    startup_stm32f407xx.o(RESET) refers (Special) to heapauxi.o(.text) for __use_two_region_memory
    startup_stm32f407xx.o(RESET) refers to startup_stm32f407xx.o(STACK) for __initial_sp
    startup_stm32f407xx.o(RESET) refers to startup_stm32f407xx.o(.text) for Reset_Handler
    startup_stm32f407xx.o(RESET) refers to stm32f4xx_it.o(.text.NMI_Handler) for NMI_Handler
    startup_stm32f407xx.o(RESET) refers to stm32f4xx_it.o(.text.HardFault_Handler) for HardFault_Handler
    startup_stm32f407xx.o(RESET) refers to stm32f4xx_it.o(.text.MemManage_Handler) for MemManage_Handler
    startup_stm32f407xx.o(RESET) refers to stm32f4xx_it.o(.text.BusFault_Handler) for BusFault_Handler
    startup_stm32f407xx.o(RESET) refers to stm32f4xx_it.o(.text.UsageFault_Handler) for UsageFault_Handler
    startup_stm32f407xx.o(RESET) refers to stm32f4xx_it.o(.text.SVC_Handler) for SVC_Handler
    startup_stm32f407xx.o(RESET) refers to stm32f4xx_it.o(.text.DebugMon_Handler) for DebugMon_Handler
    startup_stm32f407xx.o(RESET) refers to stm32f4xx_it.o(.text.PendSV_Handler) for PendSV_Handler
    startup_stm32f407xx.o(RESET) refers to stm32f4xx_it.o(.text.SysTick_Handler) for SysTick_Handler
    startup_stm32f407xx.o(.text) refers (Special) to heapauxi.o(.text) for __use_two_region_memory
    startup_stm32f407xx.o(.text) refers to system_stm32f4xx.o(.text.SystemInit) for SystemInit
    startup_stm32f407xx.o(.text) refers to __main.o(!!!main) for __main
    startup_stm32f407xx.o(.text) refers to startup_stm32f407xx.o(HEAP) for Heap_Mem
    startup_stm32f407xx.o(.text) refers to startup_stm32f407xx.o(STACK) for Stack_Mem
    iap.o(.text.check_update_flag) refers to stm32f4xx_hal_flash.o(.text.HAL_FLASH_Unlock) for HAL_FLASH_Unlock
    iap.o(.text.check_update_flag) refers to rt_memcpy_v6.o(.text) for __aeabi_memcpy
    iap.o(.text.check_update_flag) refers to bsp_spi_flash_hal.o(.text.SPI_FLASH_PageWrite) for SPI_FLASH_PageWrite
    iap.o(.text.check_update_flag) refers to iap.o(.text.erase_APP) for erase_APP
    iap.o(.text.check_update_flag) refers to stm32f4xx_hal_flash.o(.text.HAL_FLASH_Lock) for HAL_FLASH_Lock
    iap.o(.text.check_update_flag) refers to iap.o(.text.user_flash_app_run) for user_flash_app_run
    iap.o(.text.check_update_flag) refers to stm32f4xx_hal_gpio.o(.text.HAL_GPIO_WritePin) for HAL_GPIO_WritePin
    iap.o(.text.check_update_flag) refers to iap.o(.text.copy_w25q_to_flash) for copy_w25q_to_flash
    iap.o(.text.check_update_flag) refers to iap.o(.text.ota_flag_write) for ota_flag_write
    iap.o(.ARM.exidx.text.check_update_flag) refers to iap.o(.text.check_update_flag) for [Anonymous Symbol]
    iap.o(.text.user_flash_app_run) refers to stm32f4xx_hal_flash.o(.text.HAL_FLASH_Unlock) for HAL_FLASH_Unlock
    iap.o(.text.user_flash_app_run) refers to iap.o(.text.erase_APP) for erase_APP
    iap.o(.text.user_flash_app_run) refers to iap.o(.text.copy_w25q_to_flash) for copy_w25q_to_flash
    iap.o(.text.user_flash_app_run) refers to stm32f4xx_hal_flash.o(.text.HAL_FLASH_Lock) for HAL_FLASH_Lock
    iap.o(.text.user_flash_app_run) refers to iap.o(.text.ota_flag_write) for ota_flag_write
    iap.o(.text.user_flash_app_run) refers to iap.o(.text.IAP_load_app) for IAP_load_app
    iap.o(.ARM.exidx.text.user_flash_app_run) refers to iap.o(.text.user_flash_app_run) for [Anonymous Symbol]
    iap.o(.ARM.exidx.text.IAP_load_app) refers to iap.o(.text.IAP_load_app) for [Anonymous Symbol]
    iap.o(.text.recv_time_out) refers to iap.o(.text.ota_flag_write) for ota_flag_write
    iap.o(.text.recv_time_out) refers to iap.o(.bss..L_MergedGlobals) for [Anonymous Symbol]
    iap.o(.ARM.exidx.text.recv_time_out) refers to iap.o(.text.recv_time_out) for [Anonymous Symbol]
    iap.o(.text.erase_APP) refers to stm32f4xx_hal_flash.o(.text.HAL_FLASH_Unlock) for HAL_FLASH_Unlock
    iap.o(.text.erase_APP) refers to stm32f4xx_hal_flash_ex.o(.text.HAL_FLASHEx_Erase) for HAL_FLASHEx_Erase
    iap.o(.text.erase_APP) refers to stm32f4xx_hal_flash.o(.text.HAL_FLASH_Lock) for HAL_FLASH_Lock
    iap.o(.ARM.exidx.text.erase_APP) refers to iap.o(.text.erase_APP) for [Anonymous Symbol]
    iap.o(.text.copy_w25q_to_flash) refers to bsp_spi_flash_hal.o(.text.SPI_FLASH_BufferRead) for SPI_FLASH_BufferRead
    iap.o(.text.copy_w25q_to_flash) refers to stm32f4xx_hal_flash.o(.text.HAL_FLASH_Program) for HAL_FLASH_Program
    iap.o(.text.copy_w25q_to_flash) refers to iap.o(.bss.readBuff) for [Anonymous Symbol]
    iap.o(.ARM.exidx.text.copy_w25q_to_flash) refers to iap.o(.text.copy_w25q_to_flash) for [Anonymous Symbol]
[...]
    Removing stm32f4xx_hal_spi.o(.ARM.exidx.text.HAL_SPI_ErrorCallback), (8 bytes).
    Removing stm32f4xx_hal_spi.o(.text.HAL_SPI_TxCpltCallback), (2 bytes).
    Removing stm32f4xx_hal_spi.o(.ARM.exidx.text.HAL_SPI_TxCpltCallback), (8 bytes).
    Removing stm32f4xx_hal_spi.o(.text.HAL_SPI_RxCpltCallback), (2 bytes).
    Removing stm32f4xx_hal_spi.o(.ARM.exidx.text.HAL_SPI_RxCpltCallback), (8 bytes).
    Removing stm32f4xx_hal_spi.o(.text.HAL_SPI_TxRxCpltCallback), (2 bytes).
    Removing stm32f4xx_hal_spi.o(.ARM.exidx.text.HAL_SPI_TxRxCpltCallback), (8 bytes).
    Removing stm32f4xx_hal_spi.o(.text.HAL_SPI_TxHalfCpltCallback), (2 bytes).
    Removing stm32f4xx_hal_spi.o(.ARM.exidx.text.HAL_SPI_TxHalfCpltCallback), (8 bytes).
    Removing stm32f4xx_hal_spi.o(.text.HAL_SPI_RxHalfCpltCallback), (2 bytes).
    Removing stm32f4xx_hal_spi.o(.ARM.exidx.text.HAL_SPI_RxHalfCpltCallback), (8 bytes).
    Removing stm32f4xx_hal_spi.o(.text.HAL_SPI_TxRxHalfCpltCallback), (2 bytes).
    Removing stm32f4xx_hal_spi.o(.ARM.exidx.text.HAL_SPI_TxRxHalfCpltCallback), (8 bytes).
    Removing stm32f4xx_hal_spi.o(.text.HAL_SPI_GetState), (6 bytes).
    Removing stm32f4xx_hal_spi.o(.ARM.exidx.text.HAL_SPI_GetState), (8 bytes).
    Removing stm32f4xx_hal_spi.o(.text.HAL_SPI_GetError), (4 bytes).
    Removing stm32f4xx_hal_spi.o(.ARM.exidx.text.HAL_SPI_GetError), (8 bytes).
    Removing stm32f4xx_hal_spi.o(.text.SPI_CloseRxTx_ISR), (156 bytes).
    Removing stm32f4xx_hal_spi.o(.ARM.exidx.text.SPI_CloseRxTx_ISR), (8 bytes).
    Removing stm32f4xx_hal_spi.o(.text.SPI_CloseRx_ISR), (88 bytes).
    Removing stm32f4xx_hal_spi.o(.ARM.exidx.text.SPI_CloseRx_ISR), (8 bytes).
    Removing stm32f4xx_hal_spi.o(.text.SPI_CloseTx_ISR), (136 bytes).
    Removing stm32f4xx_hal_spi.o(.ARM.exidx.text.SPI_CloseTx_ISR), (8 bytes).
    Removing stm32f4xx_hal_spi.o(.ARM.exidx.text.SPI_WaitFlagStateUntilTimeout), (8 bytes).
    Removing stm32f4xx_hal_uart.o(.text), (0 bytes).
    Removing stm32f4xx_hal_uart.o(.ARM.exidx.text.HAL_UART_Init), (8 bytes).
    Removing stm32f4xx_hal_uart.o(.text.HAL_UART_MspInit), (2 bytes).
    Removing stm32f4xx_hal_uart.o(.ARM.exidx.text.HAL_UART_MspInit), (8 bytes).
    Removing stm32f4xx_hal_uart.o(.ARM.exidx.text.UART_SetConfig), (8 bytes).
    Removing stm32f4xx_hal_uart.o(.text.HAL_HalfDuplex_Init), (102 bytes).
    Removing stm32f4xx_hal_uart.o(.ARM.exidx.text.HAL_HalfDuplex_Init), (8 bytes).
    Removing stm32f4xx_hal_uart.o(.text.HAL_LIN_Init), (118 bytes).
    Removing stm32f4xx_hal_uart.o(.ARM.exidx.text.HAL_LIN_Init), (8 bytes).
    Removing stm32f4xx_hal_uart.o(.text.HAL_MultiProcessor_Init), (126 bytes).
    Removing stm32f4xx_hal_uart.o(.ARM.exidx.text.HAL_MultiProcessor_Init), (8 bytes).
    Removing stm32f4xx_hal_uart.o(.text.HAL_UART_DeInit), (54 bytes).
    Removing stm32f4xx_hal_uart.o(.ARM.exidx.text.HAL_UART_DeInit), (8 bytes).
    Removing stm32f4xx_hal_uart.o(.text.HAL_UART_MspDeInit), (2 bytes).
    Removing stm32f4xx_hal_uart.o(.ARM.exidx.text.HAL_UART_MspDeInit), (8 bytes).
    Removing stm32f4xx_hal_uart.o(.text.HAL_UART_Transmit), (174 bytes).
    Removing stm32f4xx_hal_uart.o(.ARM.exidx.text.HAL_UART_Transmit), (8 bytes).
    Removing stm32f4xx_hal_uart.o(.text.UART_WaitOnFlagUntilTimeout), (112 bytes).
    Removing stm32f4xx_hal_uart.o(.ARM.exidx.text.UART_WaitOnFlagUntilTimeout), (8 bytes).
    Removing stm32f4xx_hal_uart.o(.text.HAL_UART_Receive), (190 bytes).
    Removing stm32f4xx_hal_uart.o(.ARM.exidx.text.HAL_UART_Receive), (8 bytes).
    Removing stm32f4xx_hal_uart.o(.text.HAL_UART_Transmit_IT), (48 bytes).
    Removing stm32f4xx_hal_uart.o(.ARM.exidx.text.HAL_UART_Transmit_IT), (8 bytes).
    Removing stm32f4xx_hal_uart.o(.text.HAL_UART_Receive_IT), (32 bytes).
    Removing stm32f4xx_hal_uart.o(.ARM.exidx.text.HAL_UART_Receive_IT), (8 bytes).
    Removing stm32f4xx_hal_uart.o(.text.UART_Start_Receive_IT), (50 bytes).
    Removing stm32f4xx_hal_uart.o(.ARM.exidx.text.UART_Start_Receive_IT), (8 bytes).
    Removing stm32f4xx_hal_uart.o(.text.HAL_UART_Transmit_DMA), (132 bytes).
    Removing stm32f4xx_hal_uart.o(.ARM.exidx.text.HAL_UART_Transmit_DMA), (8 bytes).
    Removing stm32f4xx_hal_uart.o(.text.UART_DMATransmitCplt), (62 bytes).
    Removing stm32f4xx_hal_uart.o(.ARM.exidx.text.UART_DMATransmitCplt), (8 bytes).
    Removing stm32f4xx_hal_uart.o(.text.UART_DMATxHalfCplt), (6 bytes).
    Removing stm32f4xx_hal_uart.o(.ARM.exidx.text.UART_DMATxHalfCplt), (8 bytes).
    Removing stm32f4xx_hal_uart.o(.text.UART_DMAError), (78 bytes).
    Removing stm32f4xx_hal_uart.o(.ARM.exidx.text.UART_DMAError), (8 bytes).
    Removing stm32f4xx_hal_uart.o(.text.HAL_UART_Receive_DMA), (28 bytes).
    Removing stm32f4xx_hal_uart.o(.ARM.exidx.text.HAL_UART_Receive_DMA), (8 bytes).
    Removing stm32f4xx_hal_uart.o(.text.UART_Start_Receive_DMA), (160 bytes).
    Removing stm32f4xx_hal_uart.o(.ARM.exidx.text.UART_Start_Receive_DMA), (8 bytes).
    Removing stm32f4xx_hal_uart.o(.text.HAL_UART_DMAPause), (120 bytes).
    Removing stm32f4xx_hal_uart.o(.ARM.exidx.text.HAL_UART_DMAPause), (8 bytes).
    Removing stm32f4xx_hal_uart.o(.text.HAL_UART_DMAResume), (128 bytes).
    Removing stm32f4xx_hal_uart.o(.ARM.exidx.text.HAL_UART_DMAResume), (8 bytes).
    Removing stm32f4xx_hal_uart.o(.text.HAL_UART_DMAStop), (116 bytes).
    Removing stm32f4xx_hal_uart.o(.ARM.exidx.text.HAL_UART_DMAStop), (8 bytes).
    Removing stm32f4xx_hal_uart.o(.text.UART_EndTxTransfer), (28 bytes).
    Removing stm32f4xx_hal_uart.o(.ARM.exidx.text.UART_EndTxTransfer), (8 bytes).
    Removing stm32f4xx_hal_uart.o(.text.UART_EndRxTransfer), (78 bytes).
    Removing stm32f4xx_hal_uart.o(.ARM.exidx.text.UART_EndRxTransfer), (8 bytes).
    Removing stm32f4xx_hal_uart.o(.text.HAL_UARTEx_ReceiveToIdle), (268 bytes).
    Removing stm32f4xx_hal_uart.o(.ARM.exidx.text.HAL_UARTEx_ReceiveToIdle), (8 bytes).
    Removing stm32f4xx_hal_uart.o(.text.HAL_UARTEx_ReceiveToIdle_IT), (86 bytes).
    Removing stm32f4xx_hal_uart.o(.ARM.exidx.text.HAL_UARTEx_ReceiveToIdle_IT), (8 bytes).
    Removing stm32f4xx_hal_uart.o(.text.HAL_UARTEx_ReceiveToIdle_DMA), (86 bytes).
    Removing stm32f4xx_hal_uart.o(.ARM.exidx.text.HAL_UARTEx_ReceiveToIdle_DMA), (8 bytes).
    Removing stm32f4xx_hal_uart.o(.text.HAL_UARTEx_GetRxEventType), (4 bytes).
    Removing stm32f4xx_hal_uart.o(.ARM.exidx.text.HAL_UARTEx_GetRxEventType), (8 bytes).
    Removing stm32f4xx_hal_uart.o(.text.HAL_UART_Abort), (214 bytes).
    Removing stm32f4xx_hal_uart.o(.ARM.exidx.text.HAL_UART_Abort), (8 bytes).
    Removing stm32f4xx_hal_uart.o(.text.HAL_UART_AbortTransmit), (102 bytes).
    Removing stm32f4xx_hal_uart.o(.ARM.exidx.text.HAL_UART_AbortTransmit), (8 bytes).
    Removing stm32f4xx_hal_uart.o(.text.HAL_UART_AbortReceive), (150 bytes).
    Removing stm32f4xx_hal_uart.o(.ARM.exidx.text.HAL_UART_AbortReceive), (8 bytes).
    Removing stm32f4xx_hal_uart.o(.text.HAL_UART_Abort_IT), (248 bytes).
    Removing stm32f4xx_hal_uart.o(.ARM.exidx.text.HAL_UART_Abort_IT), (8 bytes).
    Removing stm32f4xx_hal_uart.o(.text.UART_DMATxAbortCallback), (40 bytes).
    Removing stm32f4xx_hal_uart.o(.ARM.exidx.text.UART_DMATxAbortCallback), (8 bytes).
    Removing stm32f4xx_hal_uart.o(.text.UART_DMARxAbortCallback), (40 bytes).
    Removing stm32f4xx_hal_uart.o(.ARM.exidx.text.UART_DMARxAbortCallback), (8 bytes).
    Removing stm32f4xx_hal_uart.o(.text.HAL_UART_AbortCpltCallback), (2 bytes).
    Removing stm32f4xx_hal_uart.o(.ARM.exidx.text.HAL_UART_AbortCpltCallback), (8 bytes).
    Removing stm32f4xx_hal_uart.o(.text.HAL_UART_AbortTransmit_IT), (104 bytes).
    Removing stm32f4xx_hal_uart.o(.ARM.exidx.text.HAL_UART_AbortTransmit_IT), (8 bytes).
    Removing stm32f4xx_hal_uart.o(.text.UART_DMATxOnlyAbortCallback), (16 bytes).
    Removing stm32f4xx_hal_uart.o(.ARM.exidx.text.UART_DMATxOnlyAbortCallback), (8 bytes).
    Removing stm32f4xx_hal_uart.o(.text.HAL_UART_AbortTransmitCpltCallback), (2 bytes).
    Removing stm32f4xx_hal_uart.o(.ARM.exidx.text.HAL_UART_AbortTransmitCpltCallback), (8 bytes).
    Removing stm32f4xx_hal_uart.o(.text.HAL_UART_AbortReceive_IT), (152 bytes).
    Removing stm32f4xx_hal_uart.o(.ARM.exidx.text.HAL_UART_AbortReceive_IT), (8 bytes).
    Removing stm32f4xx_hal_uart.o(.text.UART_DMARxOnlyAbortCallback), (18 bytes).
    Removing stm32f4xx_hal_uart.o(.ARM.exidx.text.UART_DMARxOnlyAbortCallback), (8 bytes).
    Removing stm32f4xx_hal_uart.o(.text.HAL_UART_AbortReceiveCpltCallback), (2 bytes).
    Removing stm32f4xx_hal_uart.o(.ARM.exidx.text.HAL_UART_AbortReceiveCpltCallback), (8 bytes).
    Removing stm32f4xx_hal_uart.o(.text.HAL_UART_IRQHandler), (696 bytes).
    Removing stm32f4xx_hal_uart.o(.ARM.exidx.text.HAL_UART_IRQHandler), (8 bytes).
    Removing stm32f4xx_hal_uart.o(.text.UART_Receive_IT), (202 bytes).
    Removing stm32f4xx_hal_uart.o(.ARM.exidx.text.UART_Receive_IT), (8 bytes).
    Removing stm32f4xx_hal_uart.o(.text.UART_DMAAbortOnError), (10 bytes).
    Removing stm32f4xx_hal_uart.o(.ARM.exidx.text.UART_DMAAbortOnError), (8 bytes).
    Removing stm32f4xx_hal_uart.o(.text.HAL_UART_ErrorCallback), (2 bytes).
    Removing stm32f4xx_hal_uart.o(.ARM.exidx.text.HAL_UART_ErrorCallback), (8 bytes).
    Removing stm32f4xx_hal_uart.o(.text.HAL_UARTEx_RxEventCallback), (2 bytes).
    Removing stm32f4xx_hal_uart.o(.ARM.exidx.text.HAL_UARTEx_RxEventCallback), (8 bytes).
    Removing stm32f4xx_hal_uart.o(.text.HAL_UART_TxCpltCallback), (2 bytes).
    Removing stm32f4xx_hal_uart.o(.ARM.exidx.text.HAL_UART_TxCpltCallback), (8 bytes).
    Removing stm32f4xx_hal_uart.o(.text.HAL_UART_TxHalfCpltCallback), (2 bytes).
    Removing stm32f4xx_hal_uart.o(.ARM.exidx.text.HAL_UART_TxHalfCpltCallback), (8 bytes).
    Removing stm32f4xx_hal_uart.o(.text.HAL_UART_RxCpltCallback), (2 bytes).
    Removing stm32f4xx_hal_uart.o(.ARM.exidx.text.HAL_UART_RxCpltCallback), (8 bytes).
    Removing stm32f4xx_hal_uart.o(.text.HAL_UART_RxHalfCpltCallback), (2 bytes).
    Removing stm32f4xx_hal_uart.o(.ARM.exidx.text.HAL_UART_RxHalfCpltCallback), (8 bytes).
    Removing stm32f4xx_hal_uart.o(.text.HAL_LIN_SendBreak), (60 bytes).
    Removing stm32f4xx_hal_uart.o(.ARM.exidx.text.HAL_LIN_SendBreak), (8 bytes).
    Removing stm32f4xx_hal_uart.o(.text.HAL_MultiProcessor_EnterMuteMode), (62 bytes).
    Removing stm32f4xx_hal_uart.o(.ARM.exidx.text.HAL_MultiProcessor_EnterMuteMode), (8 bytes).
    Removing stm32f4xx_hal_uart.o(.text.HAL_MultiProcessor_ExitMuteMode), (62 bytes).
    Removing stm32f4xx_hal_uart.o(.ARM.exidx.text.HAL_MultiProcessor_ExitMuteMode), (8 bytes).
    Removing stm32f4xx_hal_uart.o(.text.HAL_HalfDuplex_EnableTransmitter), (42 bytes).
    Removing stm32f4xx_hal_uart.o(.ARM.exidx.text.HAL_HalfDuplex_EnableTransmitter), (8 bytes).
    Removing stm32f4xx_hal_uart.o(.text.HAL_HalfDuplex_EnableReceiver), (46 bytes).
    Removing stm32f4xx_hal_uart.o(.ARM.exidx.text.HAL_HalfDuplex_EnableReceiver), (8 bytes).
    Removing stm32f4xx_hal_uart.o(.text.HAL_UART_GetState), (14 bytes).
    Removing stm32f4xx_hal_uart.o(.ARM.exidx.text.HAL_UART_GetState), (8 bytes).
    Removing stm32f4xx_hal_uart.o(.text.HAL_UART_GetError), (4 bytes).
    Removing stm32f4xx_hal_uart.o(.ARM.exidx.text.HAL_UART_GetError), (8 bytes).
    Removing stm32f4xx_hal_uart.o(.text.UART_DMAReceiveCplt), (140 bytes).
    Removing stm32f4xx_hal_uart.o(.ARM.exidx.text.UART_DMAReceiveCplt), (8 bytes).
    Removing stm32f4xx_hal_uart.o(.text.UART_DMARxHalfCplt), (24 bytes).
    Removing stm32f4xx_hal_uart.o(.ARM.exidx.text.UART_DMARxHalfCplt), (8 bytes).
    Removing system_stm32f4xx.o(.text), (0 bytes).
    Removing system_stm32f4xx.o(.ARM.exidx.text.SystemInit), (8 bytes).
    Removing system_stm32f4xx.o(.text.SystemCoreClockUpdate), (116 bytes).
    Removing system_stm32f4xx.o(.ARM.exidx.text.SystemCoreClockUpdate), (8 bytes).

583 unused section(s) (total 20600 bytes) removed from the image.

==============================================================================

Image Symbol Table

    Local Symbols

    Symbol Name                              Value     Ov Type        Size  Object(Section)

    ../Drivers/STM32F4xx_HAL_Driver/Src/stm32f4xx_hal.c 0x00000000   Number         0  stm32f4xx_hal.o ABSOLUTE
    ../Drivers/STM32F4xx_HAL_Driver/Src/stm32f4xx_hal_cortex.c 0x00000000   Number         0  stm32f4xx_hal_cortex.o ABSOLUTE
    ../Drivers/STM32F4xx_HAL_Driver/Src/stm32f4xx_hal_dma.c 0x00000000   Number         0  stm32f4xx_hal_dma.o ABSOLUTE
    ../Drivers/STM32F4xx_HAL_Driver/Src/stm32f4xx_hal_dma_ex.c 0x00000000   Number         0  stm32f4xx_hal_dma_ex.o ABSOLUTE
    ../Drivers/STM32F4xx_HAL_Driver/Src/stm32f4xx_hal_exti.c 0x00000000   Number         0  stm32f4xx_hal_exti.o ABSOLUTE
    ../Drivers/STM32F4xx_HAL_Driver/Src/stm32f4xx_hal_flash.c 0x00000000   Number         0  stm32f4xx_hal_flash.o ABSOLUTE
    ../Drivers/STM32F4xx_HAL_Driver/Src/stm32f4xx_hal_flash_ex.c 0x00000000   Number         0  stm32f4xx_hal_flash_ex.o ABSOLUTE
    ../Drivers/STM32F4xx_HAL_Driver/Src/stm32f4xx_hal_flash_ramfunc.c 0x00000000   Number         0  stm32f4xx_hal_flash_ramfunc.o ABSOLUTE
    ../Drivers/STM32F4xx_HAL_Driver/Src/stm32f4xx_hal_gpio.c 0x00000000   Number         0  stm32f4xx_hal_gpio.o ABSOLUTE
    ../Drivers/STM32F4xx_HAL_Driver/Src/stm32f4xx_hal_iwdg.c 0x00000000   Number         0  stm32f4xx_hal_iwdg.o ABSOLUTE
    ../Drivers/STM32F4xx_HAL_Driver/Src/stm32f4xx_hal_pwr.c 0x00000000   Number         0  stm32f4xx_hal_pwr.o ABSOLUTE
    ../Drivers/STM32F4xx_HAL_Driver/Src/stm32f4xx_hal_pwr_ex.c 0x00000000   Number         0  stm32f4xx_hal_pwr_ex.o ABSOLUTE
    ../Drivers/STM32F4xx_HAL_Driver/Src/stm32f4xx_hal_rcc.c 0x00000000   Number         0  stm32f4xx_hal_rcc.o ABSOLUTE
    ../Drivers/STM32F4xx_HAL_Driver/Src/stm32f4xx_hal_rcc_ex.c 0x00000000   Number         0  stm32f4xx_hal_rcc_ex.o ABSOLUTE
    ../Drivers/STM32F4xx_HAL_Driver/Src/stm32f4xx_hal_spi.c 0x00000000   Number         0  stm32f4xx_hal_spi.o ABSOLUTE
    ../Drivers/STM32F4xx_HAL_Driver/Src/stm32f4xx_hal_uart.c 0x00000000   Number         0  stm32f4xx_hal_uart.o ABSOLUTE
    ../Src/bsp_spi_flash_hal.c               0x00000000   Number         0  bsp_spi_flash_hal.o ABSOLUTE
    ../Src/gpio.c                            0x00000000   Number         0  gpio.o ABSOLUTE
    ../Src/iap.c                             0x00000000   Number         0  iap.o ABSOLUTE
    ../Src/iwdg.c                            0x00000000   Number         0  iwdg.o ABSOLUTE
    ../Src/main.c                            0x00000000   Number         0  main.o ABSOLUTE
    ../Src/spi.c                             0x00000000   Number         0  spi.o ABSOLUTE
    ../Src/stm32f4xx_hal_msp.c               0x00000000   Number         0  stm32f4xx_hal_msp.o ABSOLUTE
    ../Src/stm32f4xx_it.c                    0x00000000   Number         0  stm32f4xx_it.o ABSOLUTE
    ../Src/system_stm32f4xx.c                0x00000000   Number         0  system_stm32f4xx.o ABSOLUTE
    ../Src/usart.c                           0x00000000   Number         0  usart.o ABSOLUTE
    ../clib/angel/boardlib.s                 0x00000000   Number         0  boardshut.o ABSOLUTE
    ../clib/angel/boardlib.s                 0x00000000   Number         0  boardinit2.o ABSOLUTE
    ../clib/angel/boardlib.s                 0x00000000   Number         0  boardinit1.o ABSOLUTE
    ../clib/angel/boardlib.s                 0x00000000   Number         0  boardinit3.o ABSOLUTE
    ../clib/angel/handlers.s                 0x00000000   Number         0  __scatter_copy.o ABSOLUTE
    ../clib/angel/handlers.s                 0x00000000   Number         0  __scatter_zi.o ABSOLUTE
    ../clib/angel/kernel.s                   0x00000000   Number         0  rtexit.o ABSOLUTE
    ../clib/angel/kernel.s                   0x00000000   Number         0  rtexit2.o ABSOLUTE
    ../clib/angel/kernel.s                   0x00000000   Number         0  __rtentry4.o ABSOLUTE
    ../clib/angel/kernel.s                   0x00000000   Number         0  __rtentry2.o ABSOLUTE
    ../clib/angel/kernel.s                   0x00000000   Number         0  __rtentry.o ABSOLUTE
    ../clib/angel/rt.s                       0x00000000   Number         0  aeabi_ldiv0.o ABSOLUTE
    ../clib/angel/rt.s                       0x00000000   Number         0  rt_div0.o ABSOLUTE
    ../clib/angel/rt.s                       0x00000000   Number         0  aeabi_ldiv0_sigfpe.o ABSOLUTE
    ../clib/angel/rt.s                       0x00000000   Number         0  rt_raise.o ABSOLUTE
    ../clib/angel/scatter.s                  0x00000000   Number         0  __scatter.o ABSOLUTE
    ../clib/angel/startup.s                  0x00000000   Number         0  __main.o ABSOLUTE
    ../clib/angel/sys.s                      0x00000000   Number         0  indicate_semi.o ABSOLUTE
    ../clib/angel/sys.s                      0x00000000   Number         0  sys_stackheap_outer.o ABSOLUTE
    ../clib/angel/sys.s                      0x00000000   Number         0  libspace.o ABSOLUTE
    ../clib/angel/sys.s                      0x00000000   Number         0  use_no_semi.o ABSOLUTE
    ../clib/angel/sysapp.c                   0x00000000   Number         0  sys_wrch_hlt.o ABSOLUTE
    ../clib/angel/sysapp.c                   0x00000000   Number         0  sys_wrch.o ABSOLUTE
    ../clib/angel/sysapp.c                   0x00000000   Number         0  sys_exit.o ABSOLUTE
    ../clib/angel/sysapp.c                   0x00000000   Number         0  sys_exit_hlt.o ABSOLUTE
    ../clib/angel/sysapp.c                   0x00000000   Number         0  sys_command_hlt.o ABSOLUTE
    ../clib/angel/sysapp.c                   0x00000000   Number         0  sys_command.o ABSOLUTE
    ../clib/armsys.c                         0x00000000   Number         0  argv_veneer.o ABSOLUTE
    ../clib/armsys.c                         0x00000000   Number         0  argv_veneer.o ABSOLUTE
    ../clib/armsys.c                         0x00000000   Number         0  no_argv.o ABSOLUTE
    ../clib/armsys.c                         0x00000000   Number         0  _get_argv_nomalloc.o ABSOLUTE
    ../clib/heapalloc.c                      0x00000000   Number         0  hrguard.o ABSOLUTE
    ../clib/heapaux.c                        0x00000000   Number         0  heapauxi.o ABSOLUTE
    ../clib/libinit.s                        0x00000000   Number         0  libinit.o ABSOLUTE
    ../clib/libinit.s                        0x00000000   Number         0  libshutdown2.o ABSOLUTE
    ../clib/libinit.s                        0x00000000   Number         0  libinit2.o ABSOLUTE
    ../clib/libinit.s                        0x00000000   Number         0  libshutdown.o ABSOLUTE
    ../clib/longlong.s                       0x00000000   Number         0  lludivv7m.o ABSOLUTE
    ../clib/memcpset.s                       0x00000000   Number         0  rt_memcpy_w.o ABSOLUTE
    ../clib/memcpset.s                       0x00000000   Number         0  rt_memcpy_v6.o ABSOLUTE
    ../clib/memcpset.s                       0x00000000   Number         0  rt_memclr_w.o ABSOLUTE
    ../clib/signal.c                         0x00000000   Number         0  defsig_pvfn_inner.o ABSOLUTE
    ../clib/signal.c                         0x00000000   Number         0  defsig_general.o ABSOLUTE
    ../clib/signal.c                         0x00000000   Number         0  __raise.o ABSOLUTE
    ../clib/signal.c                         0x00000000   Number         0  defsig_stak_inner.o ABSOLUTE
    ../clib/signal.c                         0x00000000   Number         0  defsig_rtmem_formal.o ABSOLUTE
    ../clib/signal.c                         0x00000000   Number         0  defsig_rtmem_outer.o ABSOLUTE
    ../clib/signal.c                         0x00000000   Number         0  defsig_rtmem_inner.o ABSOLUTE
    ../clib/signal.c                         0x00000000   Number         0  defsig_rtred_inner.o ABSOLUTE
    ../clib/signal.c                         0x00000000   Number         0  defsig_abrt_inner.o ABSOLUTE
    ../clib/signal.c                         0x00000000   Number         0  defsig_fpe_inner.o ABSOLUTE
    ../clib/signal.c                         0x00000000   Number         0  defsig_exit.o ABSOLUTE
    ../clib/signal.c                         0x00000000   Number         0  defsig_fpe_formal.o ABSOLUTE
    ../clib/signal.c                         0x00000000   Number         0  defsig_other.o ABSOLUTE
    ../clib/signal.c                         0x00000000   Number         0  defsig_segv_inner.o ABSOLUTE
    ../clib/signal.c                         0x00000000   Number         0  defsig_fpe_outer.o ABSOLUTE
    ../clib/signal.c                         0x00000000   Number         0  defsig_cppl_inner.o ABSOLUTE
    ../clib/signal.s                         0x00000000   Number         0  defsig.o ABSOLUTE
    ../clib/stdlib.c                         0x00000000   Number         0  exit.o ABSOLUTE
    ../fplib/fpinit.s                        0x00000000   Number         0  fpinit.o ABSOLUTE
    dc.s                                     0x00000000   Number         0  dc.o ABSOLUTE
    startup_stm32f407xx.s                    0x00000000   Number         0  startup_stm32f407xx.o ABSOLUTE
    RESET                                    0x08000000   Section      392  startup_stm32f407xx.o(RESET)
    !!!main                                  0x08000188   Section        8  __main.o(!!!main)
    !!!scatter                               0x08000190   Section       52  __scatter.o(!!!scatter)
    !!handler_copy                           0x080001c4   Section       26  __scatter_copy.o(!!handler_copy)
    !!handler_zi                             0x080001e0   Section       28  __scatter_zi.o(!!handler_zi)
    .ARM.Collect$$libinit$$00000000          0x080001fc   Section        2  libinit.o(.ARM.Collect$$libinit$$00000000)
    .ARM.Collect$$libinit$$00000001          0x080001fe   Section        4  libinit2.o(.ARM.Collect$$libinit$$00000001)
    .ARM.Collect$$libinit$$00000004          0x08000202   Section        0  libinit2.o(.ARM.Collect$$libinit$$00000004)
    .ARM.Collect$$libinit$$0000000A          0x08000202   Section        0  libinit2.o(.ARM.Collect$$libinit$$0000000A)
    .ARM.Collect$$libinit$$0000000C          0x08000202   Section        0  libinit2.o(.ARM.Collect$$libinit$$0000000C)
    .ARM.Collect$$libinit$$0000000E          0x08000202   Section        0  libinit2.o(.ARM.Collect$$libinit$$0000000E)
    .ARM.Collect$$libinit$$00000011          0x08000202   Section        0  libinit2.o(.ARM.Collect$$libinit$$00000011)
    .ARM.Collect$$libinit$$00000013          0x08000202   Section        0  libinit2.o(.ARM.Collect$$libinit$$00000013)
    .ARM.Collect$$libinit$$00000015          0x08000202   Section        0  libinit2.o(.ARM.Collect$$libinit$$00000015)
    .ARM.Collect$$libinit$$00000017          0x08000202   Section        0  libinit2.o(.ARM.Collect$$libinit$$00000017)
    .ARM.Collect$$libinit$$00000019          0x08000202   Section        0  libinit2.o(.ARM.Collect$$libinit$$00000019)
    .ARM.Collect$$libinit$$0000001B          0x08000202   Section        0  libinit2.o(.ARM.Collect$$libinit$$0000001B)
    .ARM.Collect$$libinit$$0000001D          0x08000202   Section        0  libinit2.o(.ARM.Collect$$libinit$$0000001D)
    .ARM.Collect$$libinit$$0000001F          0x08000202   Section        0  libinit2.o(.ARM.Collect$$libinit$$0000001F)
    .ARM.Collect$$libinit$$00000021          0x08000202   Section        0  libinit2.o(.ARM.Collect$$libinit$$00000021)
    .ARM.Collect$$libinit$$00000023          0x08000202   Section        0  libinit2.o(.ARM.Collect$$libinit$$00000023)
    .ARM.Collect$$libinit$$00000025          0x08000202   Section        0  libinit2.o(.ARM.Collect$$libinit$$00000025)
    .ARM.Collect$$libinit$$0000002C          0x08000202   Section        0  libinit2.o(.ARM.Collect$$libinit$$0000002C)
    .ARM.Collect$$libinit$$0000002E          0x08000202   Section        0  libinit2.o(.ARM.Collect$$libinit$$0000002E)
    .ARM.Collect$$libinit$$00000030          0x08000202   Section        0  libinit2.o(.ARM.Collect$$libinit$$00000030)
    .ARM.Collect$$libinit$$00000032          0x08000202   Section        0  libinit2.o(.ARM.Collect$$libinit$$00000032)
    .ARM.Collect$$libinit$$00000033          0x08000202   Section        2  libinit2.o(.ARM.Collect$$libinit$$00000033)
    .ARM.Collect$$libshutdown$$00000000      0x08000204   Section        2  libshutdown.o(.ARM.Collect$$libshutdown$$00000000)
    .ARM.Collect$$libshutdown$$00000002      0x08000206   Section        0  libshutdown2.o(.ARM.Collect$$libshutdown$$00000002)
    .ARM.Collect$$libshutdown$$00000004      0x08000206   Section        0  libshutdown2.o(.ARM.Collect$$libshutdown$$00000004)
    .ARM.Collect$$libshutdown$$00000007      0x08000206   Section        0  libshutdown2.o(.ARM.Collect$$libshutdown$$00000007)
    .ARM.Collect$$libshutdown$$0000000A      0x08000206   Section        0  libshutdown2.o(.ARM.Collect$$libshutdown$$0000000A)
    .ARM.Collect$$libshutdown$$0000000C      0x08000206   Section        0  libshutdown2.o(.ARM.Collect$$libshutdown$$0000000C)
    .ARM.Collect$$libshutdown$$0000000F      0x08000206   Section        0  libshutdown2.o(.ARM.Collect$$libshutdown$$0000000F)
    .ARM.Collect$$libshutdown$$00000010      0x08000206   Section        2  libshutdown2.o(.ARM.Collect$$libshutdown$$00000010)
    .ARM.Collect$$rtentry$$00000000          0x08000208   Section        0  __rtentry.o(.ARM.Collect$$rtentry$$00000000)
    .ARM.Collect$$rtentry$$00000002          0x08000208   Section        0  __rtentry2.o(.ARM.Collect$$rtentry$$00000002)
    .ARM.Collect$$rtentry$$00000004          0x08000208   Section        6  __rtentry4.o(.ARM.Collect$$rtentry$$00000004)
    .ARM.Collect$$rtentry$$00000009          0x0800020e   Section        0  __rtentry2.o(.ARM.Collect$$rtentry$$00000009)
    .ARM.Collect$$rtentry$$0000000A          0x0800020e   Section        4  __rtentry2.o(.ARM.Collect$$rtentry$$0000000A)
    .ARM.Collect$$rtentry$$0000000C          0x08000212   Section        0  __rtentry2.o(.ARM.Collect$$rtentry$$0000000C)
    .ARM.Collect$$rtentry$$0000000D          0x08000212   Section        8  __rtentry2.o(.ARM.Collect$$rtentry$$0000000D)
    .ARM.Collect$$rtexit$$00000000           0x0800021a   Section        2  rtexit.o(.ARM.Collect$$rtexit$$00000000)
    .ARM.Collect$$rtexit$$00000002           0x0800021c   Section        0  rtexit2.o(.ARM.Collect$$rtexit$$00000002)
    .ARM.Collect$$rtexit$$00000003           0x0800021c   Section        4  rtexit2.o(.ARM.Collect$$rtexit$$00000003)
    .ARM.Collect$$rtexit$$00000004           0x08000220   Section        6  rtexit2.o(.ARM.Collect$$rtexit$$00000004)
    .text                                    0x08000228   Section       64  startup_stm32f407xx.o(.text)
    $v0                                      0x08000228   Number         0  startup_stm32f407xx.o(.text)
    .text                                    0x08000268   Section      238  lludivv7m.o(.text)
    .text                                    0x08000356   Section      138  rt_memcpy_v6.o(.text)
    .text                                    0x080003e0   Section       78  rt_memclr_w.o(.text)
    .text                                    0x0800042e   Section        0  heapauxi.o(.text)
    .text                                    0x08000434   Section      100  rt_memcpy_w.o(.text)
    .text                                    0x08000498   Section       74  sys_stackheap_outer.o(.text)
    .text                                    0x080004e2   Section        0  exit.o(.text)
    .text                                    0x080004f4   Section        8  libspace.o(.text)
    .text                                    0x080004fc   Section        0  sys_exit.o(.text)
    .text                                    0x08000508   Section        2  use_no_semi.o(.text)
    [Anonymous Symbol]                       0x0800050a   Section        0  stm32f4xx_it.o(.text.BusFault_Handler)
    .text                                    0x0800050a   Section        0  indicate_semi.o(.text)
    [Anonymous Symbol]                       0x0800050c   Section        0  stm32f4xx_it.o(.text.DebugMon_Handler)
    [Anonymous Symbol]                       0x0800050e   Section        0  main.o(.text.Error_Handler)
    [Anonymous Symbol]                       0x08000514   Section        0  stm32f4xx_hal_flash_ex.o(.text.FLASH_Erase_Sector)
    [Anonymous Symbol]                       0x0800054c   Section        0  stm32f4xx_hal_flash_ex.o(.text.FLASH_FlushCaches)
    __arm_cp.3_0                             0x080005a4   Number         4  stm32f4xx_hal_flash_ex.o(.text.FLASH_FlushCaches)
    [Anonymous Symbol]                       0x080005a8   Section        0  stm32f4xx_hal_flash_ex.o(.text.FLASH_MassErase)
    FLASH_MassErase                          0x080005a9   Thumb Code    36  stm32f4xx_hal_flash_ex.o(.text.FLASH_MassErase)
    [Anonymous Symbol]                       0x080005c8   Section        0  stm32f4xx_hal_flash.o(.text.FLASH_Program_DoubleWord)
    FLASH_Program_DoubleWord                 0x080005c9   Thumb Code    44  stm32f4xx_hal_flash.o(.text.FLASH_Program_DoubleWord)
    [Anonymous Symbol]                       0x080005f0   Section        0  stm32f4xx_hal_flash.o(.text.FLASH_Program_HalfWord)
    FLASH_Program_HalfWord                   0x080005f1   Thumb Code    36  stm32f4xx_hal_flash.o(.text.FLASH_Program_HalfWord)
    [Anonymous Symbol]                       0x08000610   Section        0  stm32f4xx_hal_flash.o(.text.FLASH_Program_Word)
    FLASH_Program_Word                       0x08000611   Thumb Code    36  stm32f4xx_hal_flash.o(.text.FLASH_Program_Word)
    [Anonymous Symbol]                       0x08000630   Section        0  stm32f4xx_hal_flash.o(.text.FLASH_SetErrorCode)
    FLASH_SetErrorCode                       0x08000631   Thumb Code   124  stm32f4xx_hal_flash.o(.text.FLASH_SetErrorCode)
    [Anonymous Symbol]                       0x080006a4   Section        0  stm32f4xx_hal_flash.o(.text.FLASH_WaitForLastOperation)
    __arm_cp.1_1                             0x080006f8   Number         4  stm32f4xx_hal_flash.o(.text.FLASH_WaitForLastOperation)
    [Anonymous Symbol]                       0x080006fc   Section        0  stm32f4xx_hal.o(.text.HAL_Delay)
    [Anonymous Symbol]                       0x08000724   Section        0  stm32f4xx_hal_flash_ex.o(.text.HAL_FLASHEx_Erase)
    [Anonymous Symbol]                       0x080007c4   Section        0  stm32f4xx_hal_flash.o(.text.HAL_FLASH_Lock)
    [Anonymous Symbol]                       0x080007d4   Section        0  stm32f4xx_hal_flash.o(.text.HAL_FLASH_Program)
    __arm_cp.0_0                             0x08000868   Number         4  stm32f4xx_hal_flash.o(.text.HAL_FLASH_Program)
    __arm_cp.0_1                             0x0800086c   Number         4  stm32f4xx_hal_flash.o(.text.HAL_FLASH_Program)
    [Anonymous Symbol]                       0x08000870   Section        0  stm32f4xx_hal_flash.o(.text.HAL_FLASH_Unlock)
    __arm_cp.10_0                            0x0800088c   Number         4  stm32f4xx_hal_flash.o(.text.HAL_FLASH_Unlock)
    __arm_cp.10_1                            0x08000890   Number         4  stm32f4xx_hal_flash.o(.text.HAL_FLASH_Unlock)
    __arm_cp.10_2                            0x08000894   Number         4  stm32f4xx_hal_flash.o(.text.HAL_FLASH_Unlock)
    [Anonymous Symbol]                       0x08000898   Section        0  stm32f4xx_hal_gpio.o(.text.HAL_GPIO_Init)
    __arm_cp.0_0                             0x08000a0c   Number         4  stm32f4xx_hal_gpio.o(.text.HAL_GPIO_Init)
    __arm_cp.0_1                             0x08000a10   Number         4  stm32f4xx_hal_gpio.o(.text.HAL_GPIO_Init)
    __arm_cp.0_2                             0x08000a14   Number         4  stm32f4xx_hal_gpio.o(.text.HAL_GPIO_Init)
    __arm_cp.0_3                             0x08000a18   Number         4  stm32f4xx_hal_gpio.o(.text.HAL_GPIO_Init)
    __arm_cp.0_4                             0x08000a1c   Number         4  stm32f4xx_hal_gpio.o(.text.HAL_GPIO_Init)
    __arm_cp.0_5                             0x08000a20   Number         4  stm32f4xx_hal_gpio.o(.text.HAL_GPIO_Init)
    __arm_cp.0_6                             0x08000a24   Number         4  stm32f4xx_hal_gpio.o(.text.HAL_GPIO_Init)
    [Anonymous Symbol]                       0x08000a28   Section        0  stm32f4xx_hal_gpio.o(.text.HAL_GPIO_TogglePin)
    [Anonymous Symbol]                       0x08000a38   Section        0  stm32f4xx_hal_gpio.o(.text.HAL_GPIO_WritePin)
    [Anonymous Symbol]                       0x08000a44   Section        0  stm32f4xx_hal.o(.text.HAL_GetTick)
    [Anonymous Symbol]                       0x08000a4c   Section        0  stm32f4xx_hal.o(.text.HAL_IncTick)
    [Anonymous Symbol]                       0x08000a58   Section        0  stm32f4xx_hal.o(.text.HAL_Init)
    __arm_cp.0_0                             0x08000a88   Number         4  stm32f4xx_hal.o(.text.HAL_Init)
    [Anonymous Symbol]                       0x08000a8c   Section        0  stm32f4xx_hal.o(.text.HAL_InitTick)
    __arm_cp.1_0                             0x08000ac4   Number         4  stm32f4xx_hal.o(.text.HAL_InitTick)
    [Anonymous Symbol]                       0x08000ac8   Section        0  stm32f4xx_hal_msp.o(.text.HAL_MspInit)
    __arm_cp.0_0                             0x08000afc   Number         4  stm32f4xx_hal_msp.o(.text.HAL_MspInit)
    [Anonymous Symbol]                       0x08000b00   Section        0  stm32f4xx_hal_cortex.o(.text.HAL_NVIC_SetPriority)
    __arm_cp.1_0                             0x08000b54   Number         4  stm32f4xx_hal_cortex.o(.text.HAL_NVIC_SetPriority)
    [Anonymous Symbol]                       0x08000b58   Section        0  stm32f4xx_hal_cortex.o(.text.HAL_NVIC_SetPriorityGrouping)
    __arm_cp.0_0                             0x08000b70   Number         4  stm32f4xx_hal_cortex.o(.text.HAL_NVIC_SetPriorityGrouping)
    __arm_cp.0_1                             0x08000b74   Number         4  stm32f4xx_hal_cortex.o(.text.HAL_NVIC_SetPriorityGrouping)
    [Anonymous Symbol]                       0x08000b78   Section        0  stm32f4xx_hal_rcc.o(.text.HAL_RCC_ClockConfig)
    __arm_cp.2_0                             0x08000c98   Number         4  stm32f4xx_hal_rcc.o(.text.HAL_RCC_ClockConfig)
    __arm_cp.2_1                             0x08000c9c   Number         4  stm32f4xx_hal_rcc.o(.text.HAL_RCC_ClockConfig)
    __arm_cp.2_3                             0x08000ca0   Number         4  stm32f4xx_hal_rcc.o(.text.HAL_RCC_ClockConfig)
    [Anonymous Symbol]                       0x08000ca4   Section        0  stm32f4xx_hal_rcc.o(.text.HAL_RCC_GetPCLK1Freq)
    [Anonymous Symbol]                       0x08000cb8   Section        0  stm32f4xx_hal_rcc.o(.text.HAL_RCC_GetPCLK2Freq)
    __arm_cp.9_0                             0x08000ccc   Number         4  stm32f4xx_hal_rcc.o(.text.HAL_RCC_GetPCLK2Freq)
    __arm_cp.9_1                             0x08000cd0   Number         4  stm32f4xx_hal_rcc.o(.text.HAL_RCC_GetPCLK2Freq)
    __arm_cp.9_2                             0x08000cd4   Number         4  stm32f4xx_hal_rcc.o(.text.HAL_RCC_GetPCLK2Freq)
    [Anonymous Symbol]                       0x08000cd8   Section        0  stm32f4xx_hal_rcc.o(.text.HAL_RCC_GetSysClockFreq)
    __arm_cp.3_1                             0x08000d30   Number         4  stm32f4xx_hal_rcc.o(.text.HAL_RCC_GetSysClockFreq)
    __arm_cp.3_2                             0x08000d34   Number         4  stm32f4xx_hal_rcc.o(.text.HAL_RCC_GetSysClockFreq)
    [Anonymous Symbol]                       0x08000d38   Section        0  stm32f4xx_hal_rcc.o(.text.HAL_RCC_OscConfig)
    __arm_cp.1_0                             0x0800109c   Number         4  stm32f4xx_hal_rcc.o(.text.HAL_RCC_OscConfig)
    __arm_cp.1_1                             0x080010a0   Number         4  stm32f4xx_hal_rcc.o(.text.HAL_RCC_OscConfig)
    __arm_cp.1_2                             0x080010a4   Number         4  stm32f4xx_hal_rcc.o(.text.HAL_RCC_OscConfig)
    __arm_cp.1_3                             0x080010a8   Number         4  stm32f4xx_hal_rcc.o(.text.HAL_RCC_OscConfig)
    [Anonymous Symbol]                       0x080010ac   Section        0  stm32f4xx_hal_spi.o(.text.HAL_SPI_Init)
    [Anonymous Symbol]                       0x08001170   Section        0  spi.o(.text.HAL_SPI_MspInit)
    __arm_cp.1_0                             0x080011fc   Number         4  spi.o(.text.HAL_SPI_MspInit)
    [Anonymous Symbol]                       0x08001200   Section        0  stm32f4xx_hal_spi.o(.text.HAL_SPI_TransmitReceive)
    [Anonymous Symbol]                       0x08001418   Section        0  stm32f4xx_hal_cortex.o(.text.HAL_SYSTICK_Config)
    __arm_cp.5_1                             0x08001438   Number         4  stm32f4xx_hal_cortex.o(.text.HAL_SYSTICK_Config)
    [Anonymous Symbol]                       0x0800143c   Section        0  stm32f4xx_hal_uart.o(.text.HAL_UART_Init)
    [Anonymous Symbol]                       0x0800149c   Section        0  usart.o(.text.HAL_UART_MspInit)
    __arm_cp.1_1                             0x08001500   Number         4  usart.o(.text.HAL_UART_MspInit)
    [Anonymous Symbol]                       0x08001504   Section        0  stm32f4xx_it.o(.text.HardFault_Handler)
    [Anonymous Symbol]                       0x08001508   Section        0  iap.o(.text.IAP_load_app)
    __arm_cp.2_0                             0x08001550   Number         4  iap.o(.text.IAP_load_app)
    __arm_cp.2_1                             0x08001554   Number         4  iap.o(.text.IAP_load_app)
    __arm_cp.2_2                             0x08001558   Number         4  iap.o(.text.IAP_load_app)
    [Anonymous Symbol]                       0x0800155c   Section        0  gpio.o(.text.MX_GPIO_Init)
    [Anonymous Symbol]                       0x0800160c   Section        0  spi.o(.text.MX_SPI1_Init)
    __arm_cp.0_1                             0x0800164c   Number         4  spi.o(.text.MX_SPI1_Init)
    [Anonymous Symbol]                       0x08001650   Section        0  usart.o(.text.MX_USART1_UART_Init)
    __arm_cp.0_0                             0x08001680   Number         4  usart.o(.text.MX_USART1_UART_Init)
    __arm_cp.0_1                             0x08001684   Number         4  usart.o(.text.MX_USART1_UART_Init)
    [Anonymous Symbol]                       0x08001688   Section        0  stm32f4xx_it.o(.text.MemManage_Handler)
    [Anonymous Symbol]                       0x0800168a   Section        0  stm32f4xx_it.o(.text.NMI_Handler)
    [Anonymous Symbol]                       0x0800168c   Section        0  stm32f4xx_it.o(.text.PendSV_Handler)
    [Anonymous Symbol]                       0x08001690   Section        0  stm32f4xx_hal_spi.o(.text.SPI_EndRxTxTransaction)
    SPI_EndRxTxTransaction                   0x08001691   Thumb Code   120  stm32f4xx_hal_spi.o(.text.SPI_EndRxTxTransaction)
    __arm_cp.5_1                             0x08001700   Number         4  stm32f4xx_hal_spi.o(.text.SPI_EndRxTxTransaction)
    [Anonymous Symbol]                       0x08001704   Section        0  bsp_spi_flash_hal.o(.text.SPI_FLASH_BufferRead)
    [Anonymous Symbol]                       0x08001754   Section        0  bsp_spi_flash_hal.o(.text.SPI_FLASH_Init)
    __arm_cp.0_0                             0x0800179c   Number         4  bsp_spi_flash_hal.o(.text.SPI_FLASH_Init)
    [Anonymous Symbol]                       0x080017a0   Section        0  bsp_spi_flash_hal.o(.text.SPI_FLASH_PageWrite)
    __arm_cp.7_1                             0x08001800   Number         4  bsp_spi_flash_hal.o(.text.SPI_FLASH_PageWrite)
    [Anonymous Symbol]                       0x08001804   Section        0  bsp_spi_flash_hal.o(.text.SPI_FLASH_SendByte)
    __arm_cp.1_0                             0x08001830   Number         4  bsp_spi_flash_hal.o(.text.SPI_FLASH_SendByte)
    [Anonymous Symbol]                       0x08001834   Section        0  bsp_spi_flash_hal.o(.text.SPI_FLASH_WaitForWriteEnd)
    [Anonymous Symbol]                       0x08001864   Section        0  bsp_spi_flash_hal.o(.text.SPI_FLASH_WriteEnable)
    __arm_cp.3_0                             0x0800188c   Number         4  bsp_spi_flash_hal.o(.text.SPI_FLASH_WriteEnable)
    [Anonymous Symbol]                       0x08001890   Section        0  stm32f4xx_hal_spi.o(.text.SPI_WaitFlagStateUntilTimeout)
    SPI_WaitFlagStateUntilTimeout            0x08001891   Thumb Code   192  stm32f4xx_hal_spi.o(.text.SPI_WaitFlagStateUntilTimeout)
    __arm_cp.54_0                            0x0800194c   Number         4  stm32f4xx_hal_spi.o(.text.SPI_WaitFlagStateUntilTimeout)
    [Anonymous Symbol]                       0x08001950   Section        0  stm32f4xx_it.o(.text.SVC_Handler)
    [Anonymous Symbol]                       0x08001952   Section        0  stm32f4xx_it.o(.text.SysTick_Handler)
    [Anonymous Symbol]                       0x08001958   Section        0  main.o(.text.SystemClock_Config)
    __arm_cp.1_0                             0x080019f4   Number         4  main.o(.text.SystemClock_Config)
    __arm_cp.1_1                             0x080019f8   Number         4  main.o(.text.SystemClock_Config)
    [Anonymous Symbol]                       0x080019fc   Section        0  system_stm32f4xx.o(.text.SystemInit)
    __arm_cp.0_0                             0x08001a08   Number         4  system_stm32f4xx.o(.text.SystemInit)
    [Anonymous Symbol]                       0x08001a0c   Section        0  stm32f4xx_hal_uart.o(.text.UART_SetConfig)
    UART_SetConfig                           0x08001a0d   Thumb Code   204  stm32f4xx_hal_uart.o(.text.UART_SetConfig)
    __arm_cp.2_0                             0x08001ad4   Number         4  stm32f4xx_hal_uart.o(.text.UART_SetConfig)
    [Anonymous Symbol]                       0x08001ad8   Section        0  stm32f4xx_it.o(.text.UsageFault_Handler)
    [Anonymous Symbol]                       0x08001adc   Section        0  iap.o(.text.check_update_flag)
    __arm_cp.0_1                             0x08001b7c   Number         4  iap.o(.text.check_update_flag)
    [Anonymous Symbol]                       0x08001b80   Section        0  iap.o(.text.copy_w25q_to_flash)
    copy_w25q_to_flash                       0x08001b81   Thumb Code   108  iap.o(.text.copy_w25q_to_flash)
    __arm_cp.5_0                             0x08001be4   Number         4  iap.o(.text.copy_w25q_to_flash)
    [Anonymous Symbol]                       0x08001be8   Section        0  iap.o(.text.erase_APP)
    erase_APP                                0x08001be9   Thumb Code    76  iap.o(.text.erase_APP)
    [Anonymous Symbol]                       0x08001c30   Section        0  main.o(.text.main)
    __arm_cp.0_0                             0x08001c60   Number         4  main.o(.text.main)
    [Anonymous Symbol]                       0x08001c64   Section        0  iap.o(.text.ota_flag_write)
    ota_flag_write                           0x08001c65   Thumb Code    44  iap.o(.text.ota_flag_write)
    __arm_cp.6_1                             0x08001c88   Number         4  iap.o(.text.ota_flag_write)
    [Anonymous Symbol]                       0x08001c8c   Section        0  iap.o(.text.user_flash_app_run)
    user_flash_app_run                       0x08001c8d   Thumb Code    80  iap.o(.text.user_flash_app_run)
    __arm_cp.1_0                             0x08001cd0   Number         4  iap.o(.text.user_flash_app_run)
    __arm_cp.1_1                             0x08001cd4   Number         4  iap.o(.text.user_flash_app_run)
    __arm_cp.1_2                             0x08001cd8   Number         4  iap.o(.text.user_flash_app_run)
    x$fpl$fpinit                             0x08001cdc   Section       10  fpinit.o(x$fpl$fpinit)
    $v0                                      0x08001cdc   Number         0  fpinit.o(x$fpl$fpinit)
    [Anonymous Symbol]                       0x20000000   Section        0  stm32f4xx_hal.o(.data..L_MergedGlobals)
    .bss                                     0x20000030   Section       96  libspace.o(.bss)
    [Anonymous Symbol]                       0x20000130   Section        0  iap.o(.bss.readBuff)
    readBuff                                 0x20000130   Data        1024  iap.o(.bss.readBuff)
    HEAP                                     0x20000530   Section     2048  startup_stm32f407xx.o(HEAP)
    Heap_Mem                                 0x20000530   Data        2048  startup_stm32f407xx.o(HEAP)
    STACK                                    0x20000d30   Section     2048  startup_stm32f407xx.o(STACK)
    Stack_Mem                                0x20000d30   Data        2048  startup_stm32f407xx.o(STACK)
    __initial_sp                             0x20001530   Data           0  startup_stm32f407xx.o(STACK)

    Global Symbols

    Symbol Name                              Value     Ov Type        Size  Object(Section)

    BuildAttributes$$THM_ISAv4$E$P$D$K$B$S$7EM$VFPi3$EXTD16$VFPS$VFMA$PE$A:L22UL41UL21$X:L11$S22US41US21$IEEE1$IW$~IW$USESV6$~STKCKD$USESV7$~SHL$OSPACE$ROPI$EBA8$UX$STANDARDLIB$REQ8$PRES8$EABIv2 0x00000000   Number         0  anon$$obj.o ABSOLUTE
    __ARM_exceptions_init                     - Undefined Weak Reference
    __alloca_initialize                       - Undefined Weak Reference
    __arm_preinit_                            - Undefined Weak Reference
    __cpp_initialize__aeabi_                  - Undefined Weak Reference
    __cxa_finalize                            - Undefined Weak Reference
    __rt_locale                               - Undefined Weak Reference
    __sigvec_lookup                           - Undefined Weak Reference
    _atexit_init                              - Undefined Weak Reference
    _call_atexit_fns                          - Undefined Weak Reference
    _clock_init                               - Undefined Weak Reference
    _fp_trap_init                             - Undefined Weak Reference
    _fp_trap_shutdown                         - Undefined Weak Reference
    _get_lc_collate                           - Undefined Weak Reference
    _get_lc_ctype                             - Undefined Weak Reference
    _get_lc_monetary                          - Undefined Weak Reference
    _get_lc_numeric                           - Undefined Weak Reference
    _get_lc_time                              - Undefined Weak Reference
    _getenv_init                              - Undefined Weak Reference
    _handle_redirection                       - Undefined Weak Reference
    _init_alloc                               - Undefined Weak Reference
    _init_user_alloc                          - Undefined Weak Reference
    _initio                                   - Undefined Weak Reference
    _rand_init                                - Undefined Weak Reference
    _signal_finish                            - Undefined Weak Reference
    _signal_init                              - Undefined Weak Reference
    _terminate_alloc                          - Undefined Weak Reference
    _terminate_user_alloc                     - Undefined Weak Reference
    _terminateio                              - Undefined Weak Reference
    __Vectors_Size                           0x00000188   Number         0  startup_stm32f407xx.o ABSOLUTE
    __Vectors                                0x08000000   Data           4  startup_stm32f407xx.o(RESET)
    __Vectors_End                            0x08000188   Data           0  startup_stm32f407xx.o(RESET)
    __main                                   0x08000189   Thumb Code     8  __main.o(!!!main)
    __scatterload                            0x08000191   Thumb Code     0  __scatter.o(!!!scatter)
    __scatterload_rt2                        0x08000191   Thumb Code    44  __scatter.o(!!!scatter)
    __scatterload_rt2_thumb_only             0x08000191   Thumb Code     0  __scatter.o(!!!scatter)
    __scatterload_null                       0x0800019f   Thumb Code     0  __scatter.o(!!!scatter)
    __scatterload_copy                       0x080001c5   Thumb Code    26  __scatter_copy.o(!!handler_copy)
    __scatterload_zeroinit                   0x080001e1   Thumb Code    28  __scatter_zi.o(!!handler_zi)
    __rt_lib_init                            0x080001fd   Thumb Code     0  libinit.o(.ARM.Collect$$libinit$$00000000)
    __rt_lib_init_fp_1                       0x080001ff   Thumb Code     0  libinit2.o(.ARM.Collect$$libinit$$00000001)
    __rt_lib_init_alloca_1                   0x08000203   Thumb Code     0  libinit2.o(.ARM.Collect$$libinit$$0000002E)
    __rt_lib_init_argv_1                     0x08000203   Thumb Code     0  libinit2.o(.ARM.Collect$$libinit$$0000002C)
    __rt_lib_init_atexit_1                   0x08000203   Thumb Code     0  libinit2.o(.ARM.Collect$$libinit$$0000001B)
    __rt_lib_init_clock_1                    0x08000203   Thumb Code     0  libinit2.o(.ARM.Collect$$libinit$$00000021)
    __rt_lib_init_cpp_1                      0x08000203   Thumb Code     0  libinit2.o(.ARM.Collect$$libinit$$00000032)
    __rt_lib_init_exceptions_1               0x08000203   Thumb Code     0  libinit2.o(.ARM.Collect$$libinit$$00000030)
    __rt_lib_init_fp_trap_1                  0x08000203   Thumb Code     0  libinit2.o(.ARM.Collect$$libinit$$0000001F)
    __rt_lib_init_getenv_1                   0x08000203   Thumb Code     0  libinit2.o(.ARM.Collect$$libinit$$00000023)
    __rt_lib_init_heap_1                     0x08000203   Thumb Code     0  libinit2.o(.ARM.Collect$$libinit$$0000000A)
    __rt_lib_init_lc_collate_1               0x08000203   Thumb Code     0  libinit2.o(.ARM.Collect$$libinit$$00000011)
    __rt_lib_init_lc_ctype_1                 0x08000203   Thumb Code     0  libinit2.o(.ARM.Collect$$libinit$$00000013)
    __rt_lib_init_lc_monetary_1              0x08000203   Thumb Code     0  libinit2.o(.ARM.Collect$$libinit$$00000015)
    __rt_lib_init_lc_numeric_1               0x08000203   Thumb Code     0  libinit2.o(.ARM.Collect$$libinit$$00000017)
    __rt_lib_init_lc_time_1                  0x08000203   Thumb Code     0  libinit2.o(.ARM.Collect$$libinit$$00000019)
    __rt_lib_init_preinit_1                  0x08000203   Thumb Code     0  libinit2.o(.ARM.Collect$$libinit$$00000004)
    __rt_lib_init_rand_1                     0x08000203   Thumb Code     0  libinit2.o(.ARM.Collect$$libinit$$0000000E)
    __rt_lib_init_return                     0x08000203   Thumb Code     0  libinit2.o(.ARM.Collect$$libinit$$00000033)
    __rt_lib_init_signal_1                   0x08000203   Thumb Code     0  libinit2.o(.ARM.Collect$$libinit$$0000001D)
    __rt_lib_init_stdio_1                    0x08000203   Thumb Code     0  libinit2.o(.ARM.Collect$$libinit$$00000025)
    __rt_lib_init_user_alloc_1               0x08000203   Thumb Code     0  libinit2.o(.ARM.Collect$$libinit$$0000000C)
    __rt_lib_shutdown                        0x08000205   Thumb Code     0  libshutdown.o(.ARM.Collect$$libshutdown$$00000000)
    __rt_lib_shutdown_cpp_1                  0x08000207   Thumb Code     0  libshutdown2.o(.ARM.Collect$$libshutdown$$00000002)
    __rt_lib_shutdown_fp_trap_1              0x08000207   Thumb Code     0  libshutdown2.o(.ARM.Collect$$libshutdown$$00000007)
    __rt_lib_shutdown_heap_1                 0x08000207   Thumb Code     0  libshutdown2.o(.ARM.Collect$$libshutdown$$0000000F)
    __rt_lib_shutdown_return                 0x08000207   Thumb Code     0  libshutdown2.o(.ARM.Collect$$libshutdown$$00000010)
    __rt_lib_shutdown_signal_1               0x08000207   Thumb Code     0  libshutdown2.o(.ARM.Collect$$libshutdown$$0000000A)
    __rt_lib_shutdown_stdio_1                0x08000207   Thumb Code     0  libshutdown2.o(.ARM.Collect$$libshutdown$$00000004)
    __rt_lib_shutdown_user_alloc_1           0x08000207   Thumb Code     0  libshutdown2.o(.ARM.Collect$$libshutdown$$0000000C)
    __rt_entry                               0x08000209   Thumb Code     0  __rtentry.o(.ARM.Collect$$rtentry$$00000000)
    __rt_entry_presh_1                       0x08000209   Thumb Code     0  __rtentry2.o(.ARM.Collect$$rtentry$$00000002)
    __rt_entry_sh                            0x08000209   Thumb Code     0  __rtentry4.o(.ARM.Collect$$rtentry$$00000004)
    __rt_entry_li                            0x0800020f   Thumb Code     0  __rtentry2.o(.ARM.Collect$$rtentry$$0000000A)
    __rt_entry_postsh_1                      0x0800020f   Thumb Code     0  __rtentry2.o(.ARM.Collect$$rtentry$$00000009)
    __rt_entry_main                          0x08000213   Thumb Code     0  __rtentry2.o(.ARM.Collect$$rtentry$$0000000D)
    __rt_entry_postli_1                      0x08000213   Thumb Code     0  __rtentry2.o(.ARM.Collect$$rtentry$$0000000C)
    __rt_exit                                0x0800021b   Thumb Code     0  rtexit.o(.ARM.Collect$$rtexit$$00000000)
    __rt_exit_ls                             0x0800021d   Thumb Code     0  rtexit2.o(.ARM.Collect$$rtexit$$00000003)
    __rt_exit_prels_1                        0x0800021d   Thumb Code     0  rtexit2.o(.ARM.Collect$$rtexit$$00000002)
    __rt_exit_exit                           0x08000221   Thumb Code     0  rtexit2.o(.ARM.Collect$$rtexit$$00000004)
    Reset_Handler                            0x08000229   Thumb Code     8  startup_stm32f407xx.o(.text)
    ADC_IRQHandler                           0x08000243   Thumb Code     0  startup_stm32f407xx.o(.text)
    CAN1_RX0_IRQHandler                      0x08000243   Thumb Code     0  startup_stm32f407xx.o(.text)
    CAN1_RX1_IRQHandler                      0x08000243   Thumb Code     0  startup_stm32f407xx.o(.text)
    CAN1_SCE_IRQHandler                      0x08000243   Thumb Code     0  startup_stm32f407xx.o(.text)
    CAN1_TX_IRQHandler                       0x08000243   Thumb Code     0  startup_stm32f407xx.o(.text)
    CAN2_RX0_IRQHandler                      0x08000243   Thumb Code     0  startup_stm32f407xx.o(.text)
    CAN2_RX1_IRQHandler                      0x08000243   Thumb Code     0  startup_stm32f407xx.o(.text)
    CAN2_SCE_IRQHandler                      0x08000243   Thumb Code     0  startup_stm32f407xx.o(.text)
    CAN2_TX_IRQHandler                       0x08000243   Thumb Code     0  startup_stm32f407xx.o(.text)
    DCMI_IRQHandler                          0x08000243   Thumb Code     0  startup_stm32f407xx.o(.text)
    DMA1_Stream0_IRQHandler                  0x08000243   Thumb Code     0  startup_stm32f407xx.o(.text)
    DMA1_Stream1_IRQHandler                  0x08000243   Thumb Code     0  startup_stm32f407xx.o(.text)
    DMA1_Stream2_IRQHandler                  0x08000243   Thumb Code     0  startup_stm32f407xx.o(.text)
    DMA1_Stream3_IRQHandler                  0x08000243   Thumb Code     0  startup_stm32f407xx.o(.text)
    DMA1_Stream4_IRQHandler                  0x08000243   Thumb Code     0  startup_stm32f407xx.o(.text)
    DMA1_Stream5_IRQHandler                  0x08000243   Thumb Code     0  startup_stm32f407xx.o(.text)
    DMA1_Stream6_IRQHandler                  0x08000243   Thumb Code     0  startup_stm32f407xx.o(.text)
    DMA1_Stream7_IRQHandler                  0x08000243   Thumb Code     0  startup_stm32f407xx.o(.text)
    DMA2_Stream0_IRQHandler                  0x08000243   Thumb Code     0  startup_stm32f407xx.o(.text)
    DMA2_Stream1_IRQHandler                  0x08000243   Thumb Code     0  startup_stm32f407xx.o(.text)
    DMA2_Stream2_IRQHandler                  0x08000243   Thumb Code     0  startup_stm32f407xx.o(.text)
    DMA2_Stream3_IRQHandler                  0x08000243   Thumb Code     0  startup_stm32f407xx.o(.text)
    DMA2_Stream4_IRQHandler                  0x08000243   Thumb Code     0  startup_stm32f407xx.o(.text)
    DMA2_Stream5_IRQHandler                  0x08000243   Thumb Code     0  startup_stm32f407xx.o(.text)
    DMA2_Stream6_IRQHandler                  0x08000243   Thumb Code     0  startup_stm32f407xx.o(.text)
    DMA2_Stream7_IRQHandler                  0x08000243   Thumb Code     0  startup_stm32f407xx.o(.text)
    ETH_IRQHandler                           0x08000243   Thumb Code     0  startup_stm32f407xx.o(.text)
    ETH_WKUP_IRQHandler                      0x08000243   Thumb Code     0  startup_stm32f407xx.o(.text)
    EXTI0_IRQHandler                         0x08000243   Thumb Code     0  startup_stm32f407xx.o(.text)
    EXTI15_10_IRQHandler                     0x08000243   Thumb Code     0  startup_stm32f407xx.o(.text)
    EXTI1_IRQHandler                         0x08000243   Thumb Code     0  startup_stm32f407xx.o(.text)
    EXTI2_IRQHandler                         0x08000243   Thumb Code     0  startup_stm32f407xx.o(.text)
    EXTI3_IRQHandler                         0x08000243   Thumb Code     0  startup_stm32f407xx.o(.text)
    EXTI4_IRQHandler                         0x08000243   Thumb Code     0  startup_stm32f407xx.o(.text)
    EXTI9_5_IRQHandler                       0x08000243   Thumb Code     0  startup_stm32f407xx.o(.text)
    FLASH_IRQHandler                         0x08000243   Thumb Code     0  startup_stm32f407xx.o(.text)
    FMC_IRQHandler                           0x08000243   Thumb Code     0  startup_stm32f407xx.o(.text)
    FPU_IRQHandler                           0x08000243   Thumb Code     0  startup_stm32f407xx.o(.text)
    HASH_RNG_IRQHandler                      0x08000243   Thumb Code     0  startup_stm32f407xx.o(.text)
    I2C1_ER_IRQHandler                       0x08000243   Thumb Code     0  startup_stm32f407xx.o(.text)
    I2C1_EV_IRQHandler                       0x08000243   Thumb Code     0  startup_stm32f407xx.o(.text)
    I2C2_ER_IRQHandler                       0x08000243   Thumb Code     0  startup_stm32f407xx.o(.text)
    I2C2_EV_IRQHandler                       0x08000243   Thumb Code     0  startup_stm32f407xx.o(.text)
    I2C3_ER_IRQHandler                       0x08000243   Thumb Code     0  startup_stm32f407xx.o(.text)
    I2C3_EV_IRQHandler                       0x08000243   Thumb Code     0  startup_stm32f407xx.o(.text)
    OTG_FS_IRQHandler                        0x08000243   Thumb Code     0  startup_stm32f407xx.o(.text)
    OTG_FS_WKUP_IRQHandler                   0x08000243   Thumb Code     0  startup_stm32f407xx.o(.text)
    OTG_HS_EP1_IN_IRQHandler                 0x08000243   Thumb Code     0  startup_stm32f407xx.o(.text)
    OTG_HS_EP1_OUT_IRQHandler                0x08000243   Thumb Code     0  startup_stm32f407xx.o(.text)
    OTG_HS_IRQHandler                        0x08000243   Thumb Code     0  startup_stm32f407xx.o(.text)
    OTG_HS_WKUP_IRQHandler                   0x08000243   Thumb Code     0  startup_stm32f407xx.o(.text)
    PVD_IRQHandler                           0x08000243   Thumb Code     0  startup_stm32f407xx.o(.text)
    RCC_IRQHandler                           0x08000243   Thumb Code     0  startup_stm32f407xx.o(.text)
    RTC_Alarm_IRQHandler                     0x08000243   Thumb Code     0  startup_stm32f407xx.o(.text)
    RTC_WKUP_IRQHandler                      0x08000243   Thumb Code     0  startup_stm32f407xx.o(.text)
    SDIO_IRQHandler                          0x08000243   Thumb Code     0  startup_stm32f407xx.o(.text)
    SPI1_IRQHandler                          0x08000243   Thumb Code     0  startup_stm32f407xx.o(.text)
    SPI2_IRQHandler                          0x08000243   Thumb Code     0  startup_stm32f407xx.o(.text)
    SPI3_IRQHandler                          0x08000243   Thumb Code     0  startup_stm32f407xx.o(.text)
    TAMP_STAMP_IRQHandler                    0x08000243   Thumb Code     0  startup_stm32f407xx.o(.text)
    TIM1_BRK_TIM9_IRQHandler                 0x08000243   Thumb Code     0  startup_stm32f407xx.o(.text)
    TIM1_CC_IRQHandler                       0x08000243   Thumb Code     0  startup_stm32f407xx.o(.text)
    TIM1_TRG_COM_TIM11_IRQHandler            0x08000243   Thumb Code     0  startup_stm32f407xx.o(.text)
    TIM1_UP_TIM10_IRQHandler                 0x08000243   Thumb Code     0  startup_stm32f407xx.o(.text)
    TIM2_IRQHandler                          0x08000243   Thumb Code     0  startup_stm32f407xx.o(.text)
    TIM3_IRQHandler                          0x08000243   Thumb Code     0  startup_stm32f407xx.o(.text)
    TIM4_IRQHandler                          0x08000243   Thumb Code     0  startup_stm32f407xx.o(.text)
    TIM5_IRQHandler                          0x08000243   Thumb Code     0  startup_stm32f407xx.o(.text)
    TIM6_DAC_IRQHandler                      0x08000243   Thumb Code     0  startup_stm32f407xx.o(.text)
    TIM7_IRQHandler                          0x08000243   Thumb Code     0  startup_stm32f407xx.o(.text)
    TIM8_BRK_TIM12_IRQHandler                0x08000243   Thumb Code     0  startup_stm32f407xx.o(.text)
    TIM8_CC_IRQHandler                       0x08000243   Thumb Code     0  startup_stm32f407xx.o(.text)
    TIM8_TRG_COM_TIM14_IRQHandler            0x08000243   Thumb Code     0  startup_stm32f407xx.o(.text)
    TIM8_UP_TIM13_IRQHandler                 0x08000243   Thumb Code     0  startup_stm32f407xx.o(.text)
    UART4_IRQHandler                         0x08000243   Thumb Code     0  startup_stm32f407xx.o(.text)
    UART5_IRQHandler                         0x08000243   Thumb Code     0  startup_stm32f407xx.o(.text)
    USART1_IRQHandler                        0x08000243   Thumb Code     0  startup_stm32f407xx.o(.text)
    USART2_IRQHandler                        0x08000243   Thumb Code     0  startup_stm32f407xx.o(.text)
    USART3_IRQHandler                        0x08000243   Thumb Code     0  startup_stm32f407xx.o(.text)
    USART6_IRQHandler                        0x08000243   Thumb Code     0  startup_stm32f407xx.o(.text)
    WWDG_IRQHandler                          0x08000243   Thumb Code     0  startup_stm32f407xx.o(.text)
    __user_initial_stackheap                 0x08000245   Thumb Code     0  startup_stm32f407xx.o(.text)
    __aeabi_uldivmod                         0x08000269   Thumb Code     0  lludivv7m.o(.text)
    _ll_udiv                                 0x08000269   Thumb Code   238  lludivv7m.o(.text)
    __aeabi_memcpy                           0x08000357   Thumb Code     0  rt_memcpy_v6.o(.text)
    __rt_memcpy                              0x08000357   Thumb Code   138  rt_memcpy_v6.o(.text)
    _memcpy_lastbytes                        0x080003bd   Thumb Code     0  rt_memcpy_v6.o(.text)
    __aeabi_memclr4                          0x080003e1   Thumb Code     0  rt_memclr_w.o(.text)
    __aeabi_memclr8                          0x080003e1   Thumb Code     0  rt_memclr_w.o(.text)
    __rt_memclr_w                            0x080003e1   Thumb Code    78  rt_memclr_w.o(.text)
    _memset_w                                0x080003e5   Thumb Code     0  rt_memclr_w.o(.text)
    __use_two_region_memory                  0x0800042f   Thumb Code     2  heapauxi.o(.text)
    __rt_heap_escrow$2region                 0x08000431   Thumb Code     2  heapauxi.o(.text)
    __rt_heap_expand$2region                 0x08000433   Thumb Code     2  heapauxi.o(.text)
    __aeabi_memcpy4                          0x08000435   Thumb Code     0  rt_memcpy_w.o(.text)
    __aeabi_memcpy8                          0x08000435   Thumb Code     0  rt_memcpy_w.o(.text)
    __rt_memcpy_w                            0x08000435   Thumb Code   100  rt_memcpy_w.o(.text)
    _memcpy_lastbytes_aligned                0x0800047d   Thumb Code     0  rt_memcpy_w.o(.text)
    __user_setup_stackheap                   0x08000499   Thumb Code    74  sys_stackheap_outer.o(.text)
    exit                                     0x080004e3   Thumb Code    18  exit.o(.text)
    __user_libspace                          0x080004f5   Thumb Code     8  libspace.o(.text)
    __user_perproc_libspace                  0x080004f5   Thumb Code     0  libspace.o(.text)
    __user_perthread_libspace                0x080004f5   Thumb Code     0  libspace.o(.text)
    _sys_exit                                0x080004fd   Thumb Code     8  sys_exit.o(.text)
    __I$use$semihosting                      0x08000509   Thumb Code     0  use_no_semi.o(.text)
    __use_no_semihosting_swi                 0x08000509   Thumb Code     2  use_no_semi.o(.text)
    BusFault_Handler                         0x0800050b   Thumb Code     2  stm32f4xx_it.o(.text.BusFault_Handler)
    __semihosting_library_function           0x0800050b   Thumb Code     0  indicate_semi.o(.text)
    DebugMon_Handler                         0x0800050d   Thumb Code     2  stm32f4xx_it.o(.text.DebugMon_Handler)
    Error_Handler                            0x0800050f   Thumb Code     4  main.o(.text.Error_Handler)
    FLASH_Erase_Sector                       0x08000515   Thumb Code    60  stm32f4xx_hal_flash_ex.o(.text.FLASH_Erase_Sector)
    FLASH_FlushCaches                        0x0800054d   Thumb Code    92  stm32f4xx_hal_flash_ex.o(.text.FLASH_FlushCaches)
    FLASH_WaitForLastOperation               0x080006a5   Thumb Code    92  stm32f4xx_hal_flash.o(.text.FLASH_WaitForLastOperation)
    HAL_Delay                                0x080006fd   Thumb Code    44  stm32f4xx_hal.o(.text.HAL_Delay)
    HAL_FLASHEx_Erase                        0x08000725   Thumb Code   168  stm32f4xx_hal_flash_ex.o(.text.HAL_FLASHEx_Erase)
    HAL_FLASH_Lock                           0x080007c5   Thumb Code    20  stm32f4xx_hal_flash.o(.text.HAL_FLASH_Lock)
    HAL_FLASH_Program                        0x080007d5   Thumb Code   156  stm32f4xx_hal_flash.o(.text.HAL_FLASH_Program)
    HAL_FLASH_Unlock                         0x08000871   Thumb Code    40  stm32f4xx_hal_flash.o(.text.HAL_FLASH_Unlock)
    HAL_GPIO_Init                            0x08000899   Thumb Code   400  stm32f4xx_hal_gpio.o(.text.HAL_GPIO_Init)
    HAL_GPIO_TogglePin                       0x08000a29   Thumb Code    16  stm32f4xx_hal_gpio.o(.text.HAL_GPIO_TogglePin)
    HAL_GPIO_WritePin                        0x08000a39   Thumb Code    10  stm32f4xx_hal_gpio.o(.text.HAL_GPIO_WritePin)
    HAL_GetTick                              0x08000a45   Thumb Code    12  stm32f4xx_hal.o(.text.HAL_GetTick)
    HAL_IncTick                              0x08000a4d   Thumb Code    16  stm32f4xx_hal.o(.text.HAL_IncTick)
    HAL_Init                                 0x08000a59   Thumb Code    52  stm32f4xx_hal.o(.text.HAL_Init)
    HAL_InitTick                             0x08000a8d   Thumb Code    64  stm32f4xx_hal.o(.text.HAL_InitTick)
    HAL_MspInit                              0x08000ac9   Thumb Code    56  stm32f4xx_hal_msp.o(.text.HAL_MspInit)
    HAL_NVIC_SetPriority                     0x08000b01   Thumb Code    92  stm32f4xx_hal_cortex.o(.text.HAL_NVIC_SetPriority)
    HAL_NVIC_SetPriorityGrouping             0x08000b59   Thumb Code    32  stm32f4xx_hal_cortex.o(.text.HAL_NVIC_SetPriorityGrouping)
    HAL_RCC_ClockConfig                      0x08000b79   Thumb Code   304  stm32f4xx_hal_rcc.o(.text.HAL_RCC_ClockConfig)
    HAL_RCC_GetPCLK1Freq                     0x08000ca5   Thumb Code    32  stm32f4xx_hal_rcc.o(.text.HAL_RCC_GetPCLK1Freq)
    HAL_RCC_GetPCLK2Freq                     0x08000cb9   Thumb Code    32  stm32f4xx_hal_rcc.o(.text.HAL_RCC_GetPCLK2Freq)
    HAL_RCC_GetSysClockFreq                  0x08000cd9   Thumb Code   100  stm32f4xx_hal_rcc.o(.text.HAL_RCC_GetSysClockFreq)
    HAL_RCC_OscConfig                        0x08000d39   Thumb Code   884  stm32f4xx_hal_rcc.o(.text.HAL_RCC_OscConfig)
    HAL_SPI_Init                             0x080010ad   Thumb Code   196  stm32f4xx_hal_spi.o(.text.HAL_SPI_Init)
    HAL_SPI_MspInit                          0x08001171   Thumb Code   148  spi.o(.text.HAL_SPI_MspInit)
    HAL_SPI_TransmitReceive                  0x08001201   Thumb Code   534  stm32f4xx_hal_spi.o(.text.HAL_SPI_TransmitReceive)
    HAL_SYSTICK_Config                       0x08001419   Thumb Code    40  stm32f4xx_hal_cortex.o(.text.HAL_SYSTICK_Config)
    HAL_UART_Init                            0x0800143d   Thumb Code    94  stm32f4xx_hal_uart.o(.text.HAL_UART_Init)
    HAL_UART_MspInit                         0x0800149d   Thumb Code   108  usart.o(.text.HAL_UART_MspInit)
    HardFault_Handler                        0x08001505   Thumb Code     2  stm32f4xx_it.o(.text.HardFault_Handler)
    IAP_load_app                             0x08001509   Thumb Code    84  iap.o(.text.IAP_load_app)
    MX_GPIO_Init                             0x0800155d   Thumb Code   184  gpio.o(.text.MX_GPIO_Init)
    MX_SPI1_Init                             0x0800160d   Thumb Code    72  spi.o(.text.MX_SPI1_Init)
    MX_USART1_UART_Init                      0x08001651   Thumb Code    56  usart.o(.text.MX_USART1_UART_Init)
    MemManage_Handler                        0x08001689   Thumb Code     2  stm32f4xx_it.o(.text.MemManage_Handler)
    NMI_Handler                              0x0800168b   Thumb Code     2  stm32f4xx_it.o(.text.NMI_Handler)
    PendSV_Handler                           0x0800168d   Thumb Code     2  stm32f4xx_it.o(.text.PendSV_Handler)
    SPI_FLASH_BufferRead                     0x08001705   Thumb Code    88  bsp_spi_flash_hal.o(.text.SPI_FLASH_BufferRead)
    SPI_FLASH_Init                           0x08001755   Thumb Code    80  bsp_spi_flash_hal.o(.text.SPI_FLASH_Init)
    SPI_FLASH_PageWrite                      0x080017a1   Thumb Code   104  bsp_spi_flash_hal.o(.text.SPI_FLASH_PageWrite)
    SPI_FLASH_SendByte                       0x08001805   Thumb Code    48  bsp_spi_flash_hal.o(.text.SPI_FLASH_SendByte)
    SPI_FLASH_WaitForWriteEnd                0x08001835   Thumb Code    52  bsp_spi_flash_hal.o(.text.SPI_FLASH_WaitForWriteEnd)
    SPI_FLASH_WriteEnable                    0x08001865   Thumb Code    44  bsp_spi_flash_hal.o(.text.SPI_FLASH_WriteEnable)
    SVC_Handler                              0x08001951   Thumb Code     2  stm32f4xx_it.o(.text.SVC_Handler)
    SysTick_Handler                          0x08001953   Thumb Code     4  stm32f4xx_it.o(.text.SysTick_Handler)
    SystemClock_Config                       0x08001959   Thumb Code   164  main.o(.text.SystemClock_Config)
    SystemInit                               0x080019fd   Thumb Code    16  system_stm32f4xx.o(.text.SystemInit)
    UsageFault_Handler                       0x08001ad9   Thumb Code     2  stm32f4xx_it.o(.text.UsageFault_Handler)
    check_update_flag                        0x08001add   Thumb Code   176  iap.o(.text.check_update_flag)
    main                                     0x08001c31   Thumb Code    52  main.o(.text.main)
    _fp_init                                 0x08001cdd   Thumb Code    10  fpinit.o(x$fpl$fpinit)
    __fplib_config_fpu_vfp                   0x08001ce5   Thumb Code     0  fpinit.o(x$fpl$fpinit)
    __fplib_config_pureend_doubles           0x08001ce5   Thumb Code     0  fpinit.o(x$fpl$fpinit)
    AHBPrescTable                            0x08001ce6   Data          16  system_stm32f4xx.o(.rodata.AHBPrescTable)
    APBPrescTable                            0x08001cf6   Data           8  system_stm32f4xx.o(.rodata.APBPrescTable)
    Region$$Table$$Base                      0x08001d00   Number         0  anon$$obj.o(Region$$Table)
    Region$$Table$$Limit                     0x08001d20   Number         0  anon$$obj.o(Region$$Table)
    uwTickFreq                               0x20000000   Data           1  stm32f4xx_hal.o(.data..L_MergedGlobals)
    uwTickPrio                               0x20000004   Data           4  stm32f4xx_hal.o(.data..L_MergedGlobals)
    uwTick                                   0x20000008   Data           4  stm32f4xx_hal.o(.data..L_MergedGlobals)
    SystemCoreClock                          0x2000000c   Data           4  system_stm32f4xx.o(.data.SystemCoreClock)
    pFlash                                   0x20000010   Data          32  stm32f4xx_hal_flash.o(.data.pFlash)
    __libspace_start                         0x20000030   Data          96  libspace.o(.bss)
    __temporary_stack_top$libspace           0x20000090   Data           0  libspace.o(.bss)
    hspi1                                    0x20000090   Data          88  spi.o(.bss.hspi1)
    huart1                                   0x200000e8   Data          72  usart.o(.bss.huart1)



==============================================================================

Memory Map of the image

  Image Entry point : 0x08000189

  Load Region LR_IROM1 (Base: 0x08000000, Size: 0x00001d50, Max: 0x00010000, ABSOLUTE)

    Execution Region ER_IROM1 (Exec base: 0x08000000, Load base: 0x08000000, Size: 0x00001d20, Max: 0x00010000, ABSOLUTE)

    Exec Addr    Load Addr    Size         Type   Attr      Idx    E Section Name        Object

    0x08000000   0x08000000   0x00000188   Data   RO            3    RESET               startup_stm32f407xx.o
    0x08000188   0x08000188   0x00000008   Code   RO          932  * !!!main             c_w.l(__main.o)
    0x08000190   0x08000190   0x00000034   Code   RO         1107    !!!scatter          c_w.l(__scatter.o)
    0x080001c4   0x080001c4   0x0000001a   Code   RO         1109    !!handler_copy      c_w.l(__scatter_copy.o)
    0x080001de   0x080001de   0x00000002   PAD
    0x080001e0   0x080001e0   0x0000001c   Code   RO         1111    !!handler_zi        c_w.l(__scatter_zi.o)
    0x080001fc   0x080001fc   0x00000002   Code   RO          971    .ARM.Collect$$libinit$$00000000  c_w.l(libinit.o)
    0x080001fe   0x080001fe   0x00000004   Code   RO          983    .ARM.Collect$$libinit$$00000001  c_w.l(libinit2.o)
    0x08000202   0x08000202   0x00000000   Code   RO          986    .ARM.Collect$$libinit$$00000004  c_w.l(libinit2.o)
    0x08000202   0x08000202   0x00000000   Code   RO          989    .ARM.Collect$$libinit$$0000000A  c_w.l(libinit2.o)
    0x08000202   0x08000202   0x00000000   Code   RO          991    .ARM.Collect$$libinit$$0000000C  c_w.l(libinit2.o)
    0x08000202   0x08000202   0x00000000   Code   RO          993    .ARM.Collect$$libinit$$0000000E  c_w.l(libinit2.o)
    0x08000202   0x08000202   0x00000000   Code   RO          996    .ARM.Collect$$libinit$$00000011  c_w.l(libinit2.o)
    0x08000202   0x08000202   0x00000000   Code   RO          998    .ARM.Collect$$libinit$$00000013  c_w.l(libinit2.o)
    0x08000202   0x08000202   0x00000000   Code   RO         1000    .ARM.Collect$$libinit$$00000015  c_w.l(libinit2.o)
    0x08000202   0x08000202   0x00000000   Code   RO         1002    .ARM.Collect$$libinit$$00000017  c_w.l(libinit2.o)
    0x08000202   0x08000202   0x00000000   Code   RO         1004    .ARM.Collect$$libinit$$00000019  c_w.l(libinit2.o)
    0x08000202   0x08000202   0x00000000   Code   RO         1006    .ARM.Collect$$libinit$$0000001B  c_w.l(libinit2.o)
    0x08000202   0x08000202   0x00000000   Code   RO         1008    .ARM.Collect$$libinit$$0000001D  c_w.l(libinit2.o)
    0x08000202   0x08000202   0x00000000   Code   RO         1010    .ARM.Collect$$libinit$$0000001F  c_w.l(libinit2.o)
    0x08000202   0x08000202   0x00000000   Code   RO         1012    .ARM.Collect$$libinit$$00000021  c_w.l(libinit2.o)
    0x08000202   0x08000202   0x00000000   Code   RO         1014    .ARM.Collect$$libinit$$00000023  c_w.l(libinit2.o)
    0x08000202   0x08000202   0x00000000   Code   RO         1016    .ARM.Collect$$libinit$$00000025  c_w.l(libinit2.o)
    0x08000202   0x08000202   0x00000000   Code   RO         1020    .ARM.Collect$$libinit$$0000002C  c_w.l(libinit2.o)
    0x08000202   0x08000202   0x00000000   Code   RO         1022    .ARM.Collect$$libinit$$0000002E  c_w.l(libinit2.o)
    0x08000202   0x08000202   0x00000000   Code   RO         1024    .ARM.Collect$$libinit$$00000030  c_w.l(libinit2.o)
    0x08000202   0x08000202   0x00000000   Code   RO         1026    .ARM.Collect$$libinit$$00000032  c_w.l(libinit2.o)
    0x08000202   0x08000202   0x00000002   Code   RO         1027    .ARM.Collect$$libinit$$00000033  c_w.l(libinit2.o)
    0x08000204   0x08000204   0x00000002   Code   RO         1062    .ARM.Collect$$libshutdown$$00000000  c_w.l(libshutdown.o)
    0x08000206   0x08000206   0x00000000   Code   RO         1090    .ARM.Collect$$libshutdown$$00000002  c_w.l(libshutdown2.o)
    0x08000206   0x08000206   0x00000000   Code   RO         1092    .ARM.Collect$$libshutdown$$00000004  c_w.l(libshutdown2.o)
    0x08000206   0x08000206   0x00000000   Code   RO         1095    .ARM.Collect$$libshutdown$$00000007  c_w.l(libshutdown2.o)
    0x08000206   0x08000206   0x00000000   Code   RO         1098    .ARM.Collect$$libshutdown$$0000000A  c_w.l(libshutdown2.o)
    0x08000206   0x08000206   0x00000000   Code   RO         1100    .ARM.Collect$$libshutdown$$0000000C  c_w.l(libshutdown2.o)
    0x08000206   0x08000206   0x00000000   Code   RO         1103    .ARM.Collect$$libshutdown$$0000000F  c_w.l(libshutdown2.o)
    0x08000206   0x08000206   0x00000002   Code   RO         1104    .ARM.Collect$$libshutdown$$00000010  c_w.l(libshutdown2.o)
    0x08000208   0x08000208   0x00000000   Code   RO          934    .ARM.Collect$$rtentry$$00000000  c_w.l(__rtentry.o)
    0x08000208   0x08000208   0x00000000   Code   RO          942    .ARM.Collect$$rtentry$$00000002  c_w.l(__rtentry2.o)
    0x08000208   0x08000208   0x00000006   Code   RO          954    .ARM.Collect$$rtentry$$00000004  c_w.l(__rtentry4.o)
    0x0800020e   0x0800020e   0x00000000   Code   RO          944    .ARM.Collect$$rtentry$$00000009  c_w.l(__rtentry2.o)
    0x0800020e   0x0800020e   0x00000004   Code   RO          945    .ARM.Collect$$rtentry$$0000000A  c_w.l(__rtentry2.o)
    0x08000212   0x08000212   0x00000000   Code   RO          947    .ARM.Collect$$rtentry$$0000000C  c_w.l(__rtentry2.o)
    0x08000212   0x08000212   0x00000008   Code   RO          948    .ARM.Collect$$rtentry$$0000000D  c_w.l(__rtentry2.o)
    0x0800021a   0x0800021a   0x00000002   Code   RO          975    .ARM.Collect$$rtexit$$00000000  c_w.l(rtexit.o)
    0x0800021c   0x0800021c   0x00000000   Code   RO         1033    .ARM.Collect$$rtexit$$00000002  c_w.l(rtexit2.o)
    0x0800021c   0x0800021c   0x00000004   Code   RO         1034    .ARM.Collect$$rtexit$$00000003  c_w.l(rtexit2.o)
    0x08000220   0x08000220   0x00000006   Code   RO         1035    .ARM.Collect$$rtexit$$00000004  c_w.l(rtexit2.o)
    0x08000226   0x08000226   0x00000002   PAD
    0x08000228   0x08000228   0x00000040   Code   RO            4    .text               startup_stm32f407xx.o
    0x08000268   0x08000268   0x000000ee   Code   RO          924    .text               c_w.l(lludivv7m.o)
    0x08000356   0x08000356   0x0000008a   Code   RO          926    .text               c_w.l(rt_memcpy_v6.o)
    0x080003e0   0x080003e0   0x0000004e   Code   RO          928    .text               c_w.l(rt_memclr_w.o)
    0x0800042e   0x0800042e   0x00000006   Code   RO          930    .text               c_w.l(heapauxi.o)
    0x08000434   0x08000434   0x00000064   Code   RO          939    .text               c_w.l(rt_memcpy_w.o)
    0x08000498   0x08000498   0x0000004a   Code   RO          958    .text               c_w.l(sys_stackheap_outer.o)
    0x080004e2   0x080004e2   0x00000012   Code   RO          960    .text               c_w.l(exit.o)
    0x080004f4   0x080004f4   0x00000008   Code   RO          972    .text               c_w.l(libspace.o)
    0x080004fc   0x080004fc   0x0000000c   Code   RO         1028    .text               c_w.l(sys_exit.o)
    0x08000508   0x08000508   0x00000002   Code   RO         1051    .text               c_w.l(use_no_semi.o)
    0x0800050a   0x0800050a   0x00000000   Code   RO         1053    .text               c_w.l(indicate_semi.o)
    0x0800050a   0x0800050a   0x00000002   Code   RO          167    .text.BusFault_Handler  stm32f4xx_it.o
    0x0800050c   0x0800050c   0x00000002   Code   RO          173    .text.DebugMon_Handler  stm32f4xx_it.o
    0x0800050e   0x0800050e   0x00000004   Code   RO           82    .text.Error_Handler  main.o
    0x08000512   0x08000512   0x00000002   PAD
    0x08000514   0x08000514   0x00000038   Code   RO          327    .text.FLASH_Erase_Sector  stm32f4xx_hal_flash_ex.o
    0x0800054c   0x0800054c   0x0000005c   Code   RO          329    .text.FLASH_FlushCaches  stm32f4xx_hal_flash_ex.o
    0x080005a8   0x080005a8   0x00000020   Code   RO          325    .text.FLASH_MassErase  stm32f4xx_hal_flash_ex.o
    0x080005c8   0x080005c8   0x00000028   Code   RO          287    .text.FLASH_Program_DoubleWord  stm32f4xx_hal_flash.o
    0x080005f0   0x080005f0   0x00000020   Code   RO          283    .text.FLASH_Program_HalfWord  stm32f4xx_hal_flash.o
    0x08000610   0x08000610   0x00000020   Code   RO          285    .text.FLASH_Program_Word  stm32f4xx_hal_flash.o
    0x08000630   0x08000630   0x00000074   Code   RO          293    .text.FLASH_SetErrorCode  stm32f4xx_hal_flash.o
    0x080006a4   0x080006a4   0x00000058   Code   RO          281    .text.FLASH_WaitForLastOperation  stm32f4xx_hal_flash.o
    0x080006fc   0x080006fc   0x00000028   Code   RO          578    .text.HAL_Delay     stm32f4xx_hal.o
    0x08000724   0x08000724   0x000000a0   Code   RO          323    .text.HAL_FLASHEx_Erase  stm32f4xx_hal_flash_ex.o
    0x080007c4   0x080007c4   0x00000010   Code   RO          301    .text.HAL_FLASH_Lock  stm32f4xx_hal_flash.o
    0x080007d4   0x080007d4   0x0000009c   Code   RO          279    .text.HAL_FLASH_Program  stm32f4xx_hal_flash.o
    0x08000870   0x08000870   0x00000028   Code   RO          299    .text.HAL_FLASH_Unlock  stm32f4xx_hal_flash.o
    0x08000898   0x08000898   0x00000190   Code   RO          356    .text.HAL_GPIO_Init  stm32f4xx_hal_gpio.o
    0x08000a28   0x08000a28   0x00000010   Code   RO          364    .text.HAL_GPIO_TogglePin  stm32f4xx_hal_gpio.o
    0x08000a38   0x08000a38   0x0000000a   Code   RO          362    .text.HAL_GPIO_WritePin  stm32f4xx_hal_gpio.o
    0x08000a42   0x08000a42   0x00000002   PAD
    0x08000a44   0x08000a44   0x00000008   Code   RO          570    .text.HAL_GetTick   stm32f4xx_hal.o
    0x08000a4c   0x08000a4c   0x0000000c   Code   RO          568    .text.HAL_IncTick   stm32f4xx_hal.o
    0x08000a58   0x08000a58   0x00000034   Code   RO          558    .text.HAL_Init      stm32f4xx_hal.o
    0x08000a8c   0x08000a8c   0x0000003c   Code   RO          560    .text.HAL_InitTick  stm32f4xx_hal.o
    0x08000ac8   0x08000ac8   0x00000038   Code   RO          189    .text.HAL_MspInit   stm32f4xx_hal_msp.o
    0x08000b00   0x08000b00   0x00000058   Code   RO          507    .text.HAL_NVIC_SetPriority  stm32f4xx_hal_cortex.o
    0x08000b58   0x08000b58   0x00000020   Code   RO          505    .text.HAL_NVIC_SetPriorityGrouping  stm32f4xx_hal_cortex.o
    0x08000b78   0x08000b78   0x0000012c   Code   RO          221    .text.HAL_RCC_ClockConfig  stm32f4xx_hal_rcc.o
    0x08000ca4   0x08000ca4   0x00000014   Code   RO          233    .text.HAL_RCC_GetPCLK1Freq  stm32f4xx_hal_rcc.o
    0x08000cb8   0x08000cb8   0x00000020   Code   RO          235    .text.HAL_RCC_GetPCLK2Freq  stm32f4xx_hal_rcc.o
    0x08000cd8   0x08000cd8   0x00000060   Code   RO          223    .text.HAL_RCC_GetSysClockFreq  stm32f4xx_hal_rcc.o
    0x08000d38   0x08000d38   0x00000374   Code   RO          219    .text.HAL_RCC_OscConfig  stm32f4xx_hal_rcc.o
    0x080010ac   0x080010ac   0x000000c4   Code   RO          653    .text.HAL_SPI_Init  stm32f4xx_hal_spi.o
    0x08001170   0x08001170   0x00000090   Code   RO          125    .text.HAL_SPI_MspInit  spi.o
    0x08001200   0x08001200   0x00000216   Code   RO          667    .text.HAL_SPI_TransmitReceive  stm32f4xx_hal_spi.o
    0x08001416   0x08001416   0x00000002   PAD
    0x08001418   0x08001418   0x00000024   Code   RO          515    .text.HAL_SYSTICK_Config  stm32f4xx_hal_cortex.o
    0x0800143c   0x0800143c   0x0000005e   Code   RO          774    .text.HAL_UART_Init  stm32f4xx_hal_uart.o
    0x0800149a   0x0800149a   0x00000002   PAD
    0x0800149c   0x0800149c   0x00000068   Code   RO          143    .text.HAL_UART_MspInit  usart.o
    0x08001504   0x08001504   0x00000002   Code   RO          163    .text.HardFault_Handler  stm32f4xx_it.o
    0x08001506   0x08001506   0x00000002   PAD
    0x08001508   0x08001508   0x00000054   Code   RO           15    .text.IAP_load_app  iap.o
    0x0800155c   0x0800155c   0x000000b0   Code   RO           96    .text.MX_GPIO_Init  gpio.o
    0x0800160c   0x0800160c   0x00000044   Code   RO          123    .text.MX_SPI1_Init  spi.o
    0x08001650   0x08001650   0x00000038   Code   RO          141    .text.MX_USART1_UART_Init  usart.o
    0x08001688   0x08001688   0x00000002   Code   RO          165    .text.MemManage_Handler  stm32f4xx_it.o
    0x0800168a   0x0800168a   0x00000002   Code   RO          161    .text.NMI_Handler   stm32f4xx_it.o
    0x0800168c   0x0800168c   0x00000002   Code   RO          175    .text.PendSV_Handler  stm32f4xx_it.o
    0x0800168e   0x0800168e   0x00000002   PAD
    0x08001690   0x08001690   0x00000074   Code   RO          663    .text.SPI_EndRxTxTransaction  stm32f4xx_hal_spi.o
    0x08001704   0x08001704   0x00000050   Code   RO           57    .text.SPI_FLASH_BufferRead  bsp_spi_flash_hal.o
    0x08001754   0x08001754   0x0000004c   Code   RO           39    .text.SPI_FLASH_Init  bsp_spi_flash_hal.o
    0x080017a0   0x080017a0   0x00000064   Code   RO           53    .text.SPI_FLASH_PageWrite  bsp_spi_flash_hal.o
    0x08001804   0x08001804   0x00000030   Code   RO           41    .text.SPI_FLASH_SendByte  bsp_spi_flash_hal.o
    0x08001834   0x08001834   0x00000030   Code   RO           47    .text.SPI_FLASH_WaitForWriteEnd  bsp_spi_flash_hal.o
    0x08001864   0x08001864   0x0000002c   Code   RO           45    .text.SPI_FLASH_WriteEnable  bsp_spi_flash_hal.o
    0x08001890   0x08001890   0x000000c0   Code   RO          761    .text.SPI_WaitFlagStateUntilTimeout  stm32f4xx_hal_spi.o
    0x08001950   0x08001950   0x00000002   Code   RO          171    .text.SVC_Handler   stm32f4xx_it.o
    0x08001952   0x08001952   0x00000004   Code   RO          177    .text.SysTick_Handler  stm32f4xx_it.o
    0x08001956   0x08001956   0x00000002   PAD
    0x08001958   0x08001958   0x000000a4   Code   RO           80    .text.SystemClock_Config  main.o
    0x080019fc   0x080019fc   0x00000010   Code   RO          905    .text.SystemInit    system_stm32f4xx.o
    0x08001a0c   0x08001a0c   0x000000cc   Code   RO          778    .text.UART_SetConfig  stm32f4xx_hal_uart.o
    0x08001ad8   0x08001ad8   0x00000002   Code   RO          169    .text.UsageFault_Handler  stm32f4xx_it.o
    0x08001ada   0x08001ada   0x00000002   PAD
    0x08001adc   0x08001adc   0x000000a4   Code   RO           11    .text.check_update_flag  iap.o
    0x08001b80   0x08001b80   0x00000068   Code   RO           21    .text.copy_w25q_to_flash  iap.o
    0x08001be8   0x08001be8   0x00000048   Code   RO           19    .text.erase_APP     iap.o
    0x08001c30   0x08001c30   0x00000034   Code   RO           78    .text.main          main.o
    0x08001c64   0x08001c64   0x00000028   Code   RO           23    .text.ota_flag_write  iap.o
    0x08001c8c   0x08001c8c   0x00000050   Code   RO           13    .text.user_flash_app_run  iap.o
    0x08001cdc   0x08001cdc   0x0000000a   Code   RO         1045    x$fpl$fpinit        fz_wm.l(fpinit.o)
    0x08001ce6   0x08001ce6   0x00000010   Data   RO          910    .rodata.AHBPrescTable  system_stm32f4xx.o
    0x08001cf6   0x08001cf6   0x00000008   Data   RO          911    .rodata.APBPrescTable  system_stm32f4xx.o
    0x08001cfe   0x08001cfe   0x00000002   PAD
    0x08001d00   0x08001d00   0x00000020   Data   RO         1105    Region$$Table       anon$$obj.o


    Execution Region RW_IRAM1 (Exec base: 0x20000000, Load base: 0x08001d20, Size: 0x00001530, Max: 0x0001c000, ABSOLUTE)

    Exec Addr    Load Addr    Size         Type   Attr      Idx    E Section Name        Object

    0x20000000   0x08001d20   0x0000000c   Data   RW          612    .data..L_MergedGlobals  stm32f4xx_hal.o
    0x2000000c   0x08001d2c   0x00000004   Data   RW          909    .data.SystemCoreClock  system_stm32f4xx.o
    0x20000010   0x08001d30   0x00000020   Data   RW          311    .data.pFlash        stm32f4xx_hal_flash.o
    0x20000030        -       0x00000060   Zero   RW          973    .bss                c_w.l(libspace.o)
    0x20000090        -       0x00000058   Zero   RW          129    .bss.hspi1          spi.o
    0x200000e8        -       0x00000048   Zero   RW          149    .bss.huart1         usart.o
    0x20000130        -       0x00000400   Zero   RW           26    .bss.readBuff       iap.o
    0x20000530        -       0x00000800   Zero   RW            2    HEAP                startup_stm32f407xx.o
    0x20000d30        -       0x00000800   Zero   RW            1    STACK               startup_stm32f407xx.o


    Execution Region RW_IRAM2 (Exec base: 0x2001c000, Load base: 0x08001d50, Size: 0x00000000, Max: 0x00004000, ABSOLUTE)

    **** No section assigned to this execution region ****


==============================================================================

Image component sizes


      Code (inc. data)   RO Data    RW Data    ZI Data      Debug   Object Name

       396         16          0          0          0       5155   bsp_spi_flash_hal.o
       176          0          0          0          0       2407   gpio.o
       544         36          0          0       1024       6558   iap.o
       220         12          0          0          0       3624   main.o
       212          8          0          0         88       5499   spi.o
        64         26        392          0       4096        832   startup_stm32f407xx.o
       172          8          0         12          0       8088   stm32f4xx_hal.o
       156         16          0          0          0      10823   stm32f4xx_hal_cortex.o
       520         24          0         32          0       5634   stm32f4xx_hal_flash.o
       340          4          0          0          0       4957   stm32f4xx_hal_flash_ex.o
       426         28          0          0          0       5383   stm32f4xx_hal_gpio.o
        56          4          0          0          0       1578   stm32f4xx_hal_msp.o
      1332         48          0          0          0       7857   stm32f4xx_hal_rcc.o
      1038          8          0          0          0      21130   stm32f4xx_hal_spi.o
       298          4          0          0          0      23539   stm32f4xx_hal_uart.o
        20          0          0          0          0       1196   stm32f4xx_it.o
        16          4         24          4          0       2697   system_stm32f4xx.o
       160         12          0          0         72       5942   usart.o

    ----------------------------------------------------------------------
      6162        258        450         48       5280     122899   Object Totals
         0          0         32          0          0          0   (incl. Generated)
        16          0          2          0          0          0   (incl. Padding)

    ----------------------------------------------------------------------

      Code (inc. data)   RO Data    RW Data    ZI Data      Debug   Library Member Name

         8          0          0          0          0         68   __main.o
         0          0          0          0          0          0   __rtentry.o
        12          0          0          0          0          0   __rtentry2.o
         6          0          0          0          0          0   __rtentry4.o
        52          8          0          0          0          0   __scatter.o
        26          0          0          0          0          0   __scatter_copy.o
        28          0          0          0          0          0   __scatter_zi.o
        18          0          0          0          0         80   exit.o
         6          0          0          0          0        152   heapauxi.o
         0          0          0          0          0          0   indicate_semi.o
         2          0          0          0          0          0   libinit.o
         6          0          0          0          0          0   libinit2.o
         2          0          0          0          0          0   libshutdown.o
         2          0          0          0          0          0   libshutdown2.o
         8          4          0          0         96         68   libspace.o
       238          0          0          0          0        100   lludivv7m.o
        78          0          0          0          0         80   rt_memclr_w.o
       138          0          0          0          0         68   rt_memcpy_v6.o
       100          0          0          0          0         80   rt_memcpy_w.o
         2          0          0          0          0          0   rtexit.o
        10          0          0          0          0          0   rtexit2.o
        12          4          0          0          0         68   sys_exit.o
        74          0          0          0          0         80   sys_stackheap_outer.o
         2          0          0          0          0         68   use_no_semi.o
        10          0          0          0          0        116   fpinit.o

    ----------------------------------------------------------------------
       844         16          0          0         96       1028   Library Totals
         4          0          0          0          0          0   (incl. Padding)

    ----------------------------------------------------------------------

      Code (inc. data)   RO Data    RW Data    ZI Data      Debug   Library Name

       830         16          0          0         96        912   c_w.l
        10          0          0          0          0        116   fz_wm.l

    ----------------------------------------------------------------------
       844         16          0          0         96       1028   Library Totals

    ----------------------------------------------------------------------

==============================================================================


      Code (inc. data)   RO Data    RW Data    ZI Data      Debug   

      7006        274        450         48       5376     123307   Grand Totals
      7006        274        450         48       5376     123307   ELF Image Totals
      7006        274        450         48          0          0   ROM Totals

==============================================================================

    Total RO  Size (Code + RO Data)                 7456 (   7.28kB)
    Total RW  Size (RW Data + ZI Data)              5424 (   5.30kB)
    Total ROM Size (Code + RO Data + RW Data)       7504 (   7.33kB)

==============================================================================

